Archive member included to satisfy reference by file (symbol)

f:/programs/chipwhisperer5_64/cw/home/portable/armgcc/bin/../lib/gcc/arm-none-eabi/10.2.1/../../../../arm-none-eabi/lib/thumb/v7e-m/nofp\libg_nano.a(lib_a-errno.o)
                              objdir-CWLITEARM/stm32f3_sysmem.o (__errno)
f:/programs/chipwhisperer5_64/cw/home/portable/armgcc/bin/../lib/gcc/arm-none-eabi/10.2.1/../../../../arm-none-eabi/lib/thumb/v7e-m/nofp\libg_nano.a(lib_a-exit.o)
                              f:/programs/chipwhisperer5_64/cw/home/portable/armgcc/bin/../lib/gcc/arm-none-eabi/10.2.1/../../../../arm-none-eabi/lib/thumb/v7e-m/nofp/crt0.o (exit)
f:/programs/chipwhisperer5_64/cw/home/portable/armgcc/bin/../lib/gcc/arm-none-eabi/10.2.1/../../../../arm-none-eabi/lib/thumb/v7e-m/nofp\libg_nano.a(lib_a-impure.o)
                              f:/programs/chipwhisperer5_64/cw/home/portable/armgcc/bin/../lib/gcc/arm-none-eabi/10.2.1/../../../../arm-none-eabi/lib/thumb/v7e-m/nofp\libg_nano.a(lib_a-exit.o) (_global_impure_ptr)
f:/programs/chipwhisperer5_64/cw/home/portable/armgcc/bin/../lib/gcc/arm-none-eabi/10.2.1/../../../../arm-none-eabi/lib/thumb/v7e-m/nofp\libg_nano.a(lib_a-init.o)
                              f:/programs/chipwhisperer5_64/cw/home/portable/armgcc/bin/../lib/gcc/arm-none-eabi/10.2.1/../../../../arm-none-eabi/lib/thumb/v7e-m/nofp/crt0.o (__libc_init_array)
f:/programs/chipwhisperer5_64/cw/home/portable/armgcc/bin/../lib/gcc/arm-none-eabi/10.2.1/../../../../arm-none-eabi/lib/thumb/v7e-m/nofp\libg_nano.a(lib_a-memcpy-stub.o)
                              objdir-CWLITEARM/masked-decode-syndrome-Copy2.o (memcpy)
f:/programs/chipwhisperer5_64/cw/home/portable/armgcc/bin/../lib/gcc/arm-none-eabi/10.2.1/../../../../arm-none-eabi/lib/thumb/v7e-m/nofp\libg_nano.a(lib_a-memmove.o)
                              objdir-CWLITEARM/masked-decode-syndrome-Copy2.o (memmove)
f:/programs/chipwhisperer5_64/cw/home/portable/armgcc/bin/../lib/gcc/arm-none-eabi/10.2.1/../../../../arm-none-eabi/lib/thumb/v7e-m/nofp\libg_nano.a(lib_a-memset.o)
                              f:/programs/chipwhisperer5_64/cw/home/portable/armgcc/bin/../lib/gcc/arm-none-eabi/10.2.1/../../../../arm-none-eabi/lib/thumb/v7e-m/nofp/crt0.o (memset)
f:/programs/chipwhisperer5_64/cw/home/portable/armgcc/bin/../lib/gcc/arm-none-eabi/10.2.1/../../../../arm-none-eabi/lib/thumb/v7e-m/nofp\libg_nano.a(lib_a-random.o)
                              objdir-CWLITEARM/masked-decode-syndrome-Copy2.o (srandom)
f:/programs/chipwhisperer5_64/cw/home/portable/armgcc/bin/../lib/gcc/arm-none-eabi/10.2.1/../../../../arm-none-eabi/lib/thumb/v7e-m/nofp\libg_nano.a(lib_a-assert.o)
                              f:/programs/chipwhisperer5_64/cw/home/portable/armgcc/bin/../lib/gcc/arm-none-eabi/10.2.1/../../../../arm-none-eabi/lib/thumb/v7e-m/nofp\libg_nano.a(lib_a-random.o) (__assert_func)
f:/programs/chipwhisperer5_64/cw/home/portable/armgcc/bin/../lib/gcc/arm-none-eabi/10.2.1/../../../../arm-none-eabi/lib/thumb/v7e-m/nofp\libg_nano.a(lib_a-fprintf.o)
                              f:/programs/chipwhisperer5_64/cw/home/portable/armgcc/bin/../lib/gcc/arm-none-eabi/10.2.1/../../../../arm-none-eabi/lib/thumb/v7e-m/nofp\libg_nano.a(lib_a-assert.o) (fiprintf)
f:/programs/chipwhisperer5_64/cw/home/portable/armgcc/bin/../lib/gcc/arm-none-eabi/10.2.1/../../../../arm-none-eabi/lib/thumb/v7e-m/nofp\libg_nano.a(lib_a-malloc.o)
                              f:/programs/chipwhisperer5_64/cw/home/portable/armgcc/bin/../lib/gcc/arm-none-eabi/10.2.1/../../../../arm-none-eabi/lib/thumb/v7e-m/nofp\libg_nano.a(lib_a-random.o) (malloc)
f:/programs/chipwhisperer5_64/cw/home/portable/armgcc/bin/../lib/gcc/arm-none-eabi/10.2.1/../../../../arm-none-eabi/lib/thumb/v7e-m/nofp\libg_nano.a(lib_a-nano-freer.o)
                              f:/programs/chipwhisperer5_64/cw/home/portable/armgcc/bin/../lib/gcc/arm-none-eabi/10.2.1/../../../../arm-none-eabi/lib/thumb/v7e-m/nofp\libg_nano.a(lib_a-malloc.o) (_free_r)
f:/programs/chipwhisperer5_64/cw/home/portable/armgcc/bin/../lib/gcc/arm-none-eabi/10.2.1/../../../../arm-none-eabi/lib/thumb/v7e-m/nofp\libg_nano.a(lib_a-nano-mallocr.o)
                              f:/programs/chipwhisperer5_64/cw/home/portable/armgcc/bin/../lib/gcc/arm-none-eabi/10.2.1/../../../../arm-none-eabi/lib/thumb/v7e-m/nofp\libg_nano.a(lib_a-malloc.o) (_malloc_r)
f:/programs/chipwhisperer5_64/cw/home/portable/armgcc/bin/../lib/gcc/arm-none-eabi/10.2.1/../../../../arm-none-eabi/lib/thumb/v7e-m/nofp\libg_nano.a(lib_a-nano-vfprintf.o)
                              f:/programs/chipwhisperer5_64/cw/home/portable/armgcc/bin/../lib/gcc/arm-none-eabi/10.2.1/../../../../arm-none-eabi/lib/thumb/v7e-m/nofp\libg_nano.a(lib_a-fprintf.o) (_vfprintf_r)
f:/programs/chipwhisperer5_64/cw/home/portable/armgcc/bin/../lib/gcc/arm-none-eabi/10.2.1/../../../../arm-none-eabi/lib/thumb/v7e-m/nofp\libg_nano.a(lib_a-nano-vfprintf_i.o)
[...]
Memory Configuration

Name             Origin             Length             Attributes
RAM              0x20000000         0x0000a000         xrw
ROM              0x08000000         0x00040000         xr
*default*        0x00000000         0xffffffff

Linker script and memory map

LOAD f:/programs/chipwhisperer5_64/cw/home/portable/armgcc/bin/../lib/gcc/arm-none-eabi/10.2.1/thumb/v7e-m/nofp/crti.o
LOAD f:/programs/chipwhisperer5_64/cw/home/portable/armgcc/bin/../lib/gcc/arm-none-eabi/10.2.1/thumb/v7e-m/nofp/crtbegin.o
LOAD f:/programs/chipwhisperer5_64/cw/home/portable/armgcc/bin/../lib/gcc/arm-none-eabi/10.2.1/../../../../arm-none-eabi/lib/thumb/v7e-m/nofp/crt0.o
LOAD objdir-CWLITEARM/masked-decode-syndrome-Copy2.o
LOAD objdir-CWLITEARM/simpleserial.o
LOAD objdir-CWLITEARM/stm32f3_hal.o
LOAD objdir-CWLITEARM/stm32f3_hal_lowlevel.o
LOAD objdir-CWLITEARM/stm32f3_sysmem.o
LOAD objdir-CWLITEARM/aes.o
LOAD objdir-CWLITEARM/aes-independant.o
LOAD objdir-CWLITEARM/stm32f3_startup.o
LOAD f:/programs/chipwhisperer5_64/cw/home/portable/armgcc/bin/../lib/gcc/arm-none-eabi/10.2.1/../../../../arm-none-eabi/lib/thumb/v7e-m/nofp\libm.a
LOAD f:/programs/chipwhisperer5_64/cw/home/portable/armgcc/bin/../lib/gcc/arm-none-eabi/10.2.1/../../../../arm-none-eabi/lib/thumb/v7e-m/nofp\libm.a
START GROUP
LOAD f:/programs/chipwhisperer5_64/cw/home/portable/armgcc/bin/../lib/gcc/arm-none-eabi/10.2.1/thumb/v7e-m/nofp\libgcc.a
LOAD f:/programs/chipwhisperer5_64/cw/home/portable/armgcc/bin/../lib/gcc/arm-none-eabi/10.2.1/../../../../arm-none-eabi/lib/thumb/v7e-m/nofp\libg_nano.a
LOAD f:/programs/chipwhisperer5_64/cw/home/portable/armgcc/bin/../lib/gcc/arm-none-eabi/10.2.1/../../../../arm-none-eabi/lib/thumb/v7e-m/nofp\libc_nano.a
END GROUP
START GROUP
LOAD f:/programs/chipwhisperer5_64/cw/home/portable/armgcc/bin/../lib/gcc/arm-none-eabi/10.2.1/thumb/v7e-m/nofp\libgcc.a
LOAD f:/programs/chipwhisperer5_64/cw/home/portable/armgcc/bin/../lib/gcc/arm-none-eabi/10.2.1/../../../../arm-none-eabi/lib/thumb/v7e-m/nofp\libc_nano.a
LOAD f:/programs/chipwhisperer5_64/cw/home/portable/armgcc/bin/../lib/gcc/arm-none-eabi/10.2.1/../../../../arm-none-eabi/lib/thumb/v7e-m/nofp\libnosys.a
END GROUP
START GROUP
LOAD f:/programs/chipwhisperer5_64/cw/home/portable/armgcc/bin/../lib/gcc/arm-none-eabi/10.2.1/thumb/v7e-m/nofp\libgcc.a
LOAD f:/programs/chipwhisperer5_64/cw/home/portable/armgcc/bin/../lib/gcc/arm-none-eabi/10.2.1/../../../../arm-none-eabi/lib/thumb/v7e-m/nofp\libc_nano.a
LOAD f:/programs/chipwhisperer5_64/cw/home/portable/armgcc/bin/../lib/gcc/arm-none-eabi/10.2.1/../../../../arm-none-eabi/lib/thumb/v7e-m/nofp\libnosys.a
END GROUP
LOAD f:/programs/chipwhisperer5_64/cw/home/portable/armgcc/bin/../lib/gcc/arm-none-eabi/10.2.1/thumb/v7e-m/nofp/crtend.o
LOAD f:/programs/chipwhisperer5_64/cw/home/portable/armgcc/bin/../lib/gcc/arm-none-eabi/10.2.1/thumb/v7e-m/nofp/crtn.o
                0x2000a000                _estack = 0x2000a000
                0x00000000                _Min_Heap_Size = 0x0
                0x00000400                _Min_Stack_Size = 0x400

.isr_vector     0x08000000      0x188
                0x08000000                . = ALIGN (0x4)
 *(.isr_vector)
 .isr_vector    0x08000000      0x188 objdir-CWLITEARM/stm32f3_startup.o
                0x08000000                g_pfnVectors
                0x08000188                . = ALIGN (0x4)

.text           0x08000190     0x2e88
                0x08000190                . = ALIGN (0x4)
 *(.text)
 .text          0x08000190       0x40 f:/programs/chipwhisperer5_64/cw/home/portable/armgcc/bin/../lib/gcc/arm-none-eabi/10.2.1/thumb/v7e-m/nofp/crtbegin.o
 .text          0x080001d0       0xa0 f:/programs/chipwhisperer5_64/cw/home/portable/armgcc/bin/../lib/gcc/arm-none-eabi/10.2.1/../../../../arm-none-eabi/lib/thumb/v7e-m/nofp\libg_nano.a(lib_a-memchr.o)
                0x080001d0                memchr
 *(.text*)
 .text.set_diff
                0x08000270       0x1c objdir-CWLITEARM/masked-decode-syndrome-Copy2.o
                0x08000270                set_diff
 .text.get_mask
                0x0800028c        0xa objdir-CWLITEARM/masked-decode-syndrome-Copy2.o
                0x0800028c                get_mask
 *fill*         0x08000296        0x2 
 .text.set_seed
                0x08000298       0x20 objdir-CWLITEARM/masked-decode-syndrome-Copy2.o
                0x08000298                set_seed
 .text.read_p   0x080002b8       0x28 objdir-CWLITEARM/masked-decode-syndrome-Copy2.o
                0x080002b8                read_p
 .text.generate_gf
                0x080002e0       0x8c objdir-CWLITEARM/masked-decode-syndrome-Copy2.o
                0x080002e0                generate_gf
 .text.gen_poly
                0x0800036c      0x22c objdir-CWLITEARM/masked-decode-syndrome-Copy2.o
                0x0800036c                gen_poly
 .text.encode_bch
                0x08000598       0xa4 objdir-CWLITEARM/masked-decode-syndrome-Copy2.o
                0x08000598                encode_bch
 .text.syndrome
                0x0800063c       0x5c objdir-CWLITEARM/masked-decode-syndrome-Copy2.o
                0x0800063c                syndrome
 .text.get_key  0x08000698       0x5c objdir-CWLITEARM/masked-decode-syndrome-Copy2.o
                0x08000698                get_key
 .text.pompom   0x080006f4      0x354 objdir-CWLITEARM/masked-decode-syndrome-Copy2.o
                0x080006f4                pompom
 .text.preset   0x08000a48       0x90 objdir-CWLITEARM/masked-decode-syndrome-Copy2.o
                0x08000a48                preset
 .text.finish   0x08000ad8       0x4c objdir-CWLITEARM/masked-decode-syndrome-Copy2.o
                0x08000ad8                finish
 .text.get_decode
                0x08000b24       0x7c objdir-CWLITEARM/masked-decode-syndrome-Copy2.o
                0x08000b24                get_decode
 .text.get_pt   0x08000ba0       0x78 objdir-CWLITEARM/masked-decode-syndrome-Copy2.o
                0x08000ba0                get_pt
 .text.get_enc  0x08000c18       0x90 objdir-CWLITEARM/masked-decode-syndrome-Copy2.o
                0x08000c18                get_enc
 .text.startup.main
                0x08000ca8       0xc4 objdir-CWLITEARM/masked-decode-syndrome-Copy2.o
                0x08000ca8                main
 .text.check_version
                0x08000d6c        0x4 objdir-CWLITEARM/simpleserial.o
                0x08000d6c                check_version
 .text.hex_decode
                0x08000d70       0x78 objdir-CWLITEARM/simpleserial.o
                0x08000d70                hex_decode
 .text.simpleserial_addcmd_flags
                0x08000de8       0x2c objdir-CWLITEARM/simpleserial.o
                0x08000de8                simpleserial_addcmd_flags
 .text.simpleserial_addcmd
                0x08000e14        0x6 objdir-CWLITEARM/simpleserial.o
                0x08000e14                simpleserial_addcmd
 *fill*         0x08000e1a        0x2 
 .text.simpleserial_init
                0x08000e1c       0x2c objdir-CWLITEARM/simpleserial.o
                0x08000e1c                simpleserial_init
 .text.simpleserial_put
                0x08000e48       0x40 objdir-CWLITEARM/simpleserial.o
                0x08000e48                simpleserial_put
 .text.ss_num_commands
                0x08000e88       0x24 objdir-CWLITEARM/simpleserial.o
                0x08000e88                ss_num_commands
 .text.ss_get_commands
                0x08000eac       0x50 objdir-CWLITEARM/simpleserial.o
                0x08000eac                ss_get_commands
 .text.simpleserial_get
                0x08000efc       0xc8 objdir-CWLITEARM/simpleserial.o
                0x08000efc                simpleserial_get
 .text.platform_init
                0x08000fc4       0x80 objdir-CWLITEARM/stm32f3_hal.o
                0x08000fc4                platform_init
 .text.init_uart
                0x08001044       0x7c objdir-CWLITEARM/stm32f3_hal.o
                0x08001044                init_uart
 .text.trigger_setup
                0x080010c0       0x48 objdir-CWLITEARM/stm32f3_hal.o
                0x080010c0                trigger_setup
 .text.trigger_high
                0x08001108        0xe objdir-CWLITEARM/stm32f3_hal.o
                0x08001108                trigger_high
 .text.trigger_low
                0x08001116        0xe objdir-CWLITEARM/stm32f3_hal.o
                0x08001116                trigger_low
 .text.getch    0x08001124       0x34 objdir-CWLITEARM/stm32f3_hal.o
                0x08001124                getch
 .text.putch    0x08001158       0x20 objdir-CWLITEARM/stm32f3_hal.o
                0x08001158                putch
 .text.HAL_GetTick
                0x08001178       0x10 objdir-CWLITEARM/stm32f3_hal_lowlevel.o
                0x08001178                HAL_GetTick
 .text.HAL_RCC_OscConfig
                0x08001188      0x4dc objdir-CWLITEARM/stm32f3_hal_lowlevel.o
                0x08001188                HAL_RCC_OscConfig
 .text.HAL_RCC_ClockConfig
                0x08001664      0x14c objdir-CWLITEARM/stm32f3_hal_lowlevel.o
                0x08001664                HAL_RCC_ClockConfig
 .text.HAL_GPIO_Init
                0x080017b0      0x188 objdir-CWLITEARM/stm32f3_hal_lowlevel.o
                0x080017b0                HAL_GPIO_Init
 .text.HAL_GPIO_WritePin
                0x08001938        0xa objdir-CWLITEARM/stm32f3_hal_lowlevel.o
                0x08001938                HAL_GPIO_WritePin
 *fill*         0x08001942        0x2 
 .text.UART_SetConfig
                0x08001944      0x1e0 objdir-CWLITEARM/stm32f3_hal_lowlevel.o
                0x08001944                UART_SetConfig
 .text.UART_WaitOnFlagUntilTimeout
                0x08001b24       0x58 objdir-CWLITEARM/stm32f3_hal_lowlevel.o
                0x08001b24                UART_WaitOnFlagUntilTimeout
 .text.UART_CheckIdleState
                0x08001b7c       0x64 objdir-CWLITEARM/stm32f3_hal_lowlevel.o
                0x08001b7c                UART_CheckIdleState
 .text.HAL_UART_Init
                0x08001be0       0x56 objdir-CWLITEARM/stm32f3_hal_lowlevel.o
                0x08001be0                HAL_UART_Init
 .text.HAL_UART_Transmit
                0x08001c36       0xac objdir-CWLITEARM/stm32f3_hal_lowlevel.o
                0x08001c36                HAL_UART_Transmit
 .text.HAL_UART_Receive
                0x08001ce2       0xd6 objdir-CWLITEARM/stm32f3_hal_lowlevel.o
                0x08001ce2                HAL_UART_Receive
 .text._sbrk    0x08001db8       0x34 objdir-CWLITEARM/stm32f3_sysmem.o
                0x08001db8                _sbrk
 .text.KeyExpansion
                0x08001dec       0xac objdir-CWLITEARM/aes.o
 .text.AES128_ECB_indp_setkey
                0x08001e98        0xc objdir-CWLITEARM/aes.o
                0x08001e98                AES128_ECB_indp_setkey
 .text.aes_indep_init
                0x08001ea4        0x2 objdir-CWLITEARM/aes-independant.o
                0x08001ea4                aes_indep_init
 .text.aes_indep_key
                0x08001ea6        0x4 objdir-CWLITEARM/aes-independant.o
                0x08001ea6                aes_indep_key
 .text.aes_indep_enc_pretrigger
                0x08001eaa        0x2 objdir-CWLITEARM/aes-independant.o
                0x08001eaa                aes_indep_enc_pretrigger
 .text.aes_indep_enc_posttrigger
                0x08001eac        0x2 objdir-CWLITEARM/aes-independant.o
                0x08001eac                aes_indep_enc_posttrigger
 .text.aes_indep_mask
                0x08001eae        0x2 objdir-CWLITEARM/aes-independant.o
                0x08001eae                aes_indep_mask
 .text.Reset_Handler
                0x08001eb0       0x48 objdir-CWLITEARM/stm32f3_startup.o
                0x08001eb0                Reset_Handler
 .text.Default_Handler
                0x08001ef8        0x2 objdir-CWLITEARM/stm32f3_startup.o
                0x08001ef8                DebugMon_Handler
                0x08001ef8                HardFault_Handler
                0x08001ef8                SysTick_Handler
                0x08001ef8                PendSV_Handler
                0x08001ef8                NMI_Handler
                0x08001ef8                UsageFault_Handler
                0x08001ef8                Default_Handler
                0x08001ef8                MemManage_Handler
                0x08001ef8                SVC_Handler
                0x08001ef8                BusFault_Handler
 *fill*         0x08001efa        0x2 
 .text.__errno  0x08001efc        0xc f:/programs/chipwhisperer5_64/cw/home/portable/armgcc/bin/../lib/gcc/arm-none-eabi/10.2.1/../../../../arm-none-eabi/lib/thumb/v7e-m/nofp\libg_nano.a(lib_a-errno.o)
                0x08001efc                __errno
 .text.__libc_init_array
                0x08001f08       0x48 f:/programs/chipwhisperer5_64/cw/home/portable/armgcc/bin/../lib/gcc/arm-none-eabi/10.2.1/../../../../arm-none-eabi/lib/thumb/v7e-m/nofp\libg_nano.a(lib_a-init.o)
                0x08001f08                __libc_init_array
 .text.memcpy   0x08001f50       0x1c f:/programs/chipwhisperer5_64/cw/home/portable/armgcc/bin/../lib/gcc/arm-none-eabi/10.2.1/../../../../arm-none-eabi/lib/thumb/v7e-m/nofp\libg_nano.a(lib_a-memcpy-stub.o)
                0x08001f50                memcpy
 .text.memmove  0x08001f6c       0x34 f:/programs/chipwhisperer5_64/cw/home/portable/armgcc/bin/../lib/gcc/arm-none-eabi/10.2.1/../../../../arm-none-eabi/lib/thumb/v7e-m/nofp\libg_nano.a(lib_a-memmove.o)
                0x08001f6c                memmove
 .text.memset   0x08001fa0       0x10 f:/programs/chipwhisperer5_64/cw/home/portable/armgcc/bin/../lib/gcc/arm-none-eabi/10.2.1/../../../../arm-none-eabi/lib/thumb/v7e-m/nofp\libg_nano.a(lib_a-memset.o)
                0x08001fa0                memset
 .text.srandom  0x08001fb0       0x5c f:/programs/chipwhisperer5_64/cw/home/portable/armgcc/bin/../lib/gcc/arm-none-eabi/10.2.1/../../../../arm-none-eabi/lib/thumb/v7e-m/nofp\libg_nano.a(lib_a-random.o)
                0x08001fb0                srandom
 .text.__assert_func
                0x0800200c       0x3c f:/programs/chipwhisperer5_64/cw/home/portable/armgcc/bin/../lib/gcc/arm-none-eabi/10.2.1/../../../../arm-none-eabi/lib/thumb/v7e-m/nofp\libg_nano.a(lib_a-assert.o)
                0x0800200c                __assert_func
 .text.fprintf  0x08002048       0x24 f:/programs/chipwhisperer5_64/cw/home/portable/armgcc/bin/../lib/gcc/arm-none-eabi/10.2.1/../../../../arm-none-eabi/lib/thumb/v7e-m/nofp\libg_nano.a(lib_a-fprintf.o)
                0x08002048                fiprintf
                0x08002048                fprintf
 .text.malloc   0x0800206c       0x10 f:/programs/chipwhisperer5_64/cw/home/portable/armgcc/bin/../lib/gcc/arm-none-eabi/10.2.1/../../../../arm-none-eabi/lib/thumb/v7e-m/nofp\libg_nano.a(lib_a-malloc.o)
                0x0800206c                malloc
 .text._free_r  0x0800207c       0x94 f:/programs/chipwhisperer5_64/cw/home/portable/armgcc/bin/../lib/gcc/arm-none-eabi/10.2.1/../../../../arm-none-eabi/lib/thumb/v7e-m/nofp\libg_nano.a(lib_a-nano-freer.o)
                0x0800207c                _free_r
 .text._malloc_r
                0x08002110       0xb4 f:/programs/chipwhisperer5_64/cw/home/portable/armgcc/bin/../lib/gcc/arm-none-eabi/10.2.1/../../../../arm-none-eabi/lib/thumb/v7e-m/nofp\libg_nano.a(lib_a-nano-mallocr.o)
                0x08002110                _malloc_r
 .text.__sfputc_r
                0x080021c4       0x2a f:/programs/chipwhisperer5_64/cw/home/portable/armgcc/bin/../lib/gcc/arm-none-eabi/10.2.1/../../../../arm-none-eabi/lib/thumb/v7e-m/nofp\libg_nano.a(lib_a-nano-vfprintf.o)
 .text.__sfputs_r
                0x080021ee       0x24 f:/programs/chipwhisperer5_64/cw/home/portable/armgcc/bin/../lib/gcc/arm-none-eabi/10.2.1/../../../../arm-none-eabi/lib/thumb/v7e-m/nofp\libg_nano.a(lib_a-nano-vfprintf.o)
                0x080021ee                __sfputs_r
 *fill*         0x08002212        0x2 
 .text._vfprintf_r
                0x08002214      0x260 f:/programs/chipwhisperer5_64/cw/home/portable/armgcc/bin/../lib/gcc/arm-none-eabi/10.2.1/../../../../arm-none-eabi/lib/thumb/v7e-m/nofp\libg_nano.a(lib_a-nano-vfprintf.o)
                0x08002214                _vfprintf_r
                0x08002214                _vfiprintf_r
 .text._printf_common
                0x08002474       0xda f:/programs/chipwhisperer5_64/cw/home/portable/armgcc/bin/../lib/gcc/arm-none-eabi/10.2.1/../../../../arm-none-eabi/lib/thumb/v7e-m/nofp\libg_nano.a(lib_a-nano-vfprintf_i.o)
                0x08002474                _printf_common
 *fill*         0x0800254e        0x2 
 .text._printf_i
                0x08002550      0x24c f:/programs/chipwhisperer5_64/cw/home/portable/armgcc/bin/../lib/gcc/arm-none-eabi/10.2.1/../../../../arm-none-eabi/lib/thumb/v7e-m/nofp\libg_nano.a(lib_a-nano-vfprintf_i.o)
                0x08002550                _printf_i
 .text._sbrk_r  0x0800279c       0x20 f:/programs/chipwhisperer5_64/cw/home/portable/armgcc/bin/../lib/gcc/arm-none-eabi/10.2.1/../../../../arm-none-eabi/lib/thumb/v7e-m/nofp\libg_nano.a(lib_a-sbrkr.o)
                0x0800279c                _sbrk_r
 .text.__swbuf_r
                0x080027bc       0xa4 f:/programs/chipwhisperer5_64/cw/home/portable/armgcc/bin/../lib/gcc/arm-none-eabi/10.2.1/../../../../arm-none-eabi/lib/thumb/v7e-m/nofp\libg_nano.a(lib_a-wbuf.o)
                0x080027bc                __swbuf_r
 .text.__swsetup_r
                0x08002860       0xdc f:/programs/chipwhisperer5_64/cw/home/portable/armgcc/bin/../lib/gcc/arm-none-eabi/10.2.1/../../../../arm-none-eabi/lib/thumb/v7e-m/nofp\libg_nano.a(lib_a-wsetup.o)
                0x08002860                __swsetup_r
 .text.abort    0x0800293c        0xe f:/programs/chipwhisperer5_64/cw/home/portable/armgcc/bin/../lib/gcc/arm-none-eabi/10.2.1/../../../../arm-none-eabi/lib/thumb/v7e-m/nofp\libg_nano.a(lib_a-abort.o)
                0x0800293c                abort
 *fill*         0x0800294a        0x2 
 .text.__sflush_r
                0x0800294c      0x104 f:/programs/chipwhisperer5_64/cw/home/portable/armgcc/bin/../lib/gcc/arm-none-eabi/10.2.1/../../../../arm-none-eabi/lib/thumb/v7e-m/nofp\libg_nano.a(lib_a-fflush.o)
                0x0800294c                __sflush_r
 .text._fflush_r
                0x08002a50       0x78 f:/programs/chipwhisperer5_64/cw/home/portable/armgcc/bin/../lib/gcc/arm-none-eabi/10.2.1/../../../../arm-none-eabi/lib/thumb/v7e-m/nofp\libg_nano.a(lib_a-fflush.o)
                0x08002a50                _fflush_r
 .text.std      0x08002ac8       0x48 f:/programs/chipwhisperer5_64/cw/home/portable/armgcc/bin/../lib/gcc/arm-none-eabi/10.2.1/../../../../arm-none-eabi/lib/thumb/v7e-m/nofp\libg_nano.a(lib_a-findfp.o)
 .text._cleanup_r
                0x08002b10        0xc f:/programs/chipwhisperer5_64/cw/home/portable/armgcc/bin/../lib/gcc/arm-none-eabi/10.2.1/../../../../arm-none-eabi/lib/thumb/v7e-m/nofp\libg_nano.a(lib_a-findfp.o)
                0x08002b10                _cleanup_r
 .text.__sfmoreglue
                0x08002b1c       0x2c f:/programs/chipwhisperer5_64/cw/home/portable/armgcc/bin/../lib/gcc/arm-none-eabi/10.2.1/../../../../arm-none-eabi/lib/thumb/v7e-m/nofp\libg_nano.a(lib_a-findfp.o)
                0x08002b1c                __sfmoreglue
 .text.__sfp_lock_acquire
                0x08002b48        0xc f:/programs/chipwhisperer5_64/cw/home/portable/armgcc/bin/../lib/gcc/arm-none-eabi/10.2.1/../../../../arm-none-eabi/lib/thumb/v7e-m/nofp\libg_nano.a(lib_a-findfp.o)
                0x08002b48                __sfp_lock_acquire
 .text.__sfp_lock_release
                0x08002b54        0xc f:/programs/chipwhisperer5_64/cw/home/portable/armgcc/bin/../lib/gcc/arm-none-eabi/10.2.1/../../../../arm-none-eabi/lib/thumb/v7e-m/nofp\libg_nano.a(lib_a-findfp.o)
                0x08002b54                __sfp_lock_release
 .text.__sinit_lock_acquire
                0x08002b60        0xc f:/programs/chipwhisperer5_64/cw/home/portable/armgcc/bin/../lib/gcc/arm-none-eabi/10.2.1/../../../../arm-none-eabi/lib/thumb/v7e-m/nofp\libg_nano.a(lib_a-findfp.o)
                0x08002b60                __sinit_lock_acquire
 .text.__sinit_lock_release
                0x08002b6c        0xc f:/programs/chipwhisperer5_64/cw/home/portable/armgcc/bin/../lib/gcc/arm-none-eabi/10.2.1/../../../../arm-none-eabi/lib/thumb/v7e-m/nofp\libg_nano.a(lib_a-findfp.o)
                0x08002b6c                __sinit_lock_release
 .text.__sinit  0x08002b78       0x70 f:/programs/chipwhisperer5_64/cw/home/portable/armgcc/bin/../lib/gcc/arm-none-eabi/10.2.1/../../../../arm-none-eabi/lib/thumb/v7e-m/nofp\libg_nano.a(lib_a-findfp.o)
                0x08002b78                __sinit
 .text.__sfp    0x08002be8       0x8c f:/programs/chipwhisperer5_64/cw/home/portable/armgcc/bin/../lib/gcc/arm-none-eabi/10.2.1/../../../../arm-none-eabi/lib/thumb/v7e-m/nofp\libg_nano.a(lib_a-findfp.o)
                0x08002be8                __sfp
 .text._fwalk_reent
                0x08002c74       0x3e f:/programs/chipwhisperer5_64/cw/home/portable/armgcc/bin/../lib/gcc/arm-none-eabi/10.2.1/../../../../arm-none-eabi/lib/thumb/v7e-m/nofp\libg_nano.a(lib_a-fwalk.o)
                0x08002c74                _fwalk_reent
 .text.__retarget_lock_init_recursive
                0x08002cb2        0x2 f:/programs/chipwhisperer5_64/cw/home/portable/armgcc/bin/../lib/gcc/arm-none-eabi/10.2.1/../../../../arm-none-eabi/lib/thumb/v7e-m/nofp\libg_nano.a(lib_a-lock.o)
                0x08002cb2                __retarget_lock_init_recursive
 .text.__retarget_lock_acquire_recursive
                0x08002cb4        0x2 f:/programs/chipwhisperer5_64/cw/home/portable/armgcc/bin/../lib/gcc/arm-none-eabi/10.2.1/../../../../arm-none-eabi/lib/thumb/v7e-m/nofp\libg_nano.a(lib_a-lock.o)
                0x08002cb4                __retarget_lock_acquire_recursive
 .text.__retarget_lock_release_recursive
                0x08002cb6        0x2 f:/programs/chipwhisperer5_64/cw/home/portable/armgcc/bin/../lib/gcc/arm-none-eabi/10.2.1/../../../../arm-none-eabi/lib/thumb/v7e-m/nofp\libg_nano.a(lib_a-lock.o)
                0x08002cb6                __retarget_lock_release_recursive
 .text.__swhatbuf_r
                0x08002cb8       0x4a f:/programs/chipwhisperer5_64/cw/home/portable/armgcc/bin/../lib/gcc/arm-none-eabi/10.2.1/../../../../arm-none-eabi/lib/thumb/v7e-m/nofp\libg_nano.a(lib_a-makebuf.o)
                0x08002cb8                __swhatbuf_r
 *fill*         0x08002d02        0x2 
 .text.__smakebuf_r
                0x08002d04       0x80 f:/programs/chipwhisperer5_64/cw/home/portable/armgcc/bin/../lib/gcc/arm-none-eabi/10.2.1/../../../../arm-none-eabi/lib/thumb/v7e-m/nofp\libg_nano.a(lib_a-makebuf.o)
                0x08002d04                __smakebuf_r
 .text.__malloc_lock
                0x08002d84        0xc f:/programs/chipwhisperer5_64/cw/home/portable/armgcc/bin/../lib/gcc/arm-none-eabi/10.2.1/../../../../arm-none-eabi/lib/thumb/v7e-m/nofp\libg_nano.a(lib_a-mlock.o)
                0x08002d84                __malloc_lock
 .text.__malloc_unlock
                0x08002d90        0xc f:/programs/chipwhisperer5_64/cw/home/portable/armgcc/bin/../lib/gcc/arm-none-eabi/10.2.1/../../../../arm-none-eabi/lib/thumb/v7e-m/nofp\libg_nano.a(lib_a-mlock.o)
                0x08002d90                __malloc_unlock
 .text._raise_r
                0x08002d9c       0x50 f:/programs/chipwhisperer5_64/cw/home/portable/armgcc/bin/../lib/gcc/arm-none-eabi/10.2.1/../../../../arm-none-eabi/lib/thumb/v7e-m/nofp\libg_nano.a(lib_a-signal.o)
                0x08002d9c                _raise_r
 .text.raise    0x08002dec       0x10 f:/programs/chipwhisperer5_64/cw/home/portable/armgcc/bin/../lib/gcc/arm-none-eabi/10.2.1/../../../../arm-none-eabi/lib/thumb/v7e-m/nofp\libg_nano.a(lib_a-signal.o)
                0x08002dec                raise
 .text._kill_r  0x08002dfc       0x24 f:/programs/chipwhisperer5_64/cw/home/portable/armgcc/bin/../lib/gcc/arm-none-eabi/10.2.1/../../../../arm-none-eabi/lib/thumb/v7e-m/nofp\libg_nano.a(lib_a-signalr.o)
                0x08002dfc                _kill_r
 .text._getpid_r
                0x08002e20        0x4 f:/programs/chipwhisperer5_64/cw/home/portable/armgcc/bin/../lib/gcc/arm-none-eabi/10.2.1/../../../../arm-none-eabi/lib/thumb/v7e-m/nofp\libg_nano.a(lib_a-signalr.o)
                0x08002e20                _getpid_r
 .text.__sread  0x08002e24       0x22 f:/programs/chipwhisperer5_64/cw/home/portable/armgcc/bin/../lib/gcc/arm-none-eabi/10.2.1/../../../../arm-none-eabi/lib/thumb/v7e-m/nofp\libg_nano.a(lib_a-stdio.o)
                0x08002e24                __sread
 .text.__swrite
                0x08002e46       0x38 f:/programs/chipwhisperer5_64/cw/home/portable/armgcc/bin/../lib/gcc/arm-none-eabi/10.2.1/../../../../arm-none-eabi/lib/thumb/v7e-m/nofp\libg_nano.a(lib_a-stdio.o)
                0x08002e46                __swrite
 .text.__sseek  0x08002e7e       0x24 f:/programs/chipwhisperer5_64/cw/home/portable/armgcc/bin/../lib/gcc/arm-none-eabi/10.2.1/../../../../arm-none-eabi/lib/thumb/v7e-m/nofp\libg_nano.a(lib_a-stdio.o)
                0x08002e7e                __sseek
 .text.__sclose
                0x08002ea2        0x8 f:/programs/chipwhisperer5_64/cw/home/portable/armgcc/bin/../lib/gcc/arm-none-eabi/10.2.1/../../../../arm-none-eabi/lib/thumb/v7e-m/nofp\libg_nano.a(lib_a-stdio.o)
                0x08002ea2                __sclose
 *fill*         0x08002eaa        0x2 
 .text._write_r
                0x08002eac       0x24 f:/programs/chipwhisperer5_64/cw/home/portable/armgcc/bin/../lib/gcc/arm-none-eabi/10.2.1/../../../../arm-none-eabi/lib/thumb/v7e-m/nofp\libg_nano.a(lib_a-writer.o)
                0x08002eac                _write_r
 .text._close_r
                0x08002ed0       0x20 f:/programs/chipwhisperer5_64/cw/home/portable/armgcc/bin/../lib/gcc/arm-none-eabi/10.2.1/../../../../arm-none-eabi/lib/thumb/v7e-m/nofp\libg_nano.a(lib_a-closer.o)
                0x08002ed0                _close_r
 .text._fstat_r
                0x08002ef0       0x24 f:/programs/chipwhisperer5_64/cw/home/portable/armgcc/bin/../lib/gcc/arm-none-eabi/10.2.1/../../../../arm-none-eabi/lib/thumb/v7e-m/nofp\libg_nano.a(lib_a-fstatr.o)
                0x08002ef0                _fstat_r
 .text._isatty_r
                0x08002f14       0x20 f:/programs/chipwhisperer5_64/cw/home/portable/armgcc/bin/../lib/gcc/arm-none-eabi/10.2.1/../../../../arm-none-eabi/lib/thumb/v7e-m/nofp\libg_nano.a(lib_a-isattyr.o)
                0x08002f14                _isatty_r
 .text._lseek_r
                0x08002f34       0x24 f:/programs/chipwhisperer5_64/cw/home/portable/armgcc/bin/../lib/gcc/arm-none-eabi/10.2.1/../../../../arm-none-eabi/lib/thumb/v7e-m/nofp\libg_nano.a(lib_a-lseekr.o)
                0x08002f34                _lseek_r
 .text._read_r  0x08002f58       0x24 f:/programs/chipwhisperer5_64/cw/home/portable/armgcc/bin/../lib/gcc/arm-none-eabi/10.2.1/../../../../arm-none-eabi/lib/thumb/v7e-m/nofp\libg_nano.a(lib_a-readr.o)
                0x08002f58                _read_r
 .text._close   0x08002f7c       0x10 f:/programs/chipwhisperer5_64/cw/home/portable/armgcc/bin/../lib/gcc/arm-none-eabi/10.2.1/../../../../arm-none-eabi/lib/thumb/v7e-m/nofp\libnosys.a(close.o)
                0x08002f7c                _close
 .text._fstat   0x08002f8c       0x10 f:/programs/chipwhisperer5_64/cw/home/portable/armgcc/bin/../lib/gcc/arm-none-eabi/10.2.1/../../../../arm-none-eabi/lib/thumb/v7e-m/nofp\libnosys.a(fstat.o)
                0x08002f8c                _fstat
 .text._getpid  0x08002f9c       0x10 f:/programs/chipwhisperer5_64/cw/home/portable/armgcc/bin/../lib/gcc/arm-none-eabi/10.2.1/../../../../arm-none-eabi/lib/thumb/v7e-m/nofp\libnosys.a(getpid.o)
                0x08002f9c                _getpid
 .text._isatty  0x08002fac       0x10 f:/programs/chipwhisperer5_64/cw/home/portable/armgcc/bin/../lib/gcc/arm-none-eabi/10.2.1/../../../../arm-none-eabi/lib/thumb/v7e-m/nofp\libnosys.a(isatty.o)
                0x08002fac                _isatty
 .text._kill    0x08002fbc       0x10 f:/programs/chipwhisperer5_64/cw/home/portable/armgcc/bin/../lib/gcc/arm-none-eabi/10.2.1/../../../../arm-none-eabi/lib/thumb/v7e-m/nofp\libnosys.a(kill.o)
                0x08002fbc                _kill
 .text._lseek   0x08002fcc       0x10 f:/programs/chipwhisperer5_64/cw/home/portable/armgcc/bin/../lib/gcc/arm-none-eabi/10.2.1/../../../../arm-none-eabi/lib/thumb/v7e-m/nofp\libnosys.a(lseek.o)
                0x08002fcc                _lseek
 .text._read    0x08002fdc       0x10 f:/programs/chipwhisperer5_64/cw/home/portable/armgcc/bin/../lib/gcc/arm-none-eabi/10.2.1/../../../../arm-none-eabi/lib/thumb/v7e-m/nofp\libnosys.a(read.o)
                0x08002fdc                _read
 .text._write   0x08002fec       0x10 f:/programs/chipwhisperer5_64/cw/home/portable/armgcc/bin/../lib/gcc/arm-none-eabi/10.2.1/../../../../arm-none-eabi/lib/thumb/v7e-m/nofp\libnosys.a(write.o)
                0x08002fec                _write
 .text._exit    0x08002ffc        0x4 f:/programs/chipwhisperer5_64/cw/home/portable/armgcc/bin/../lib/gcc/arm-none-eabi/10.2.1/../../../../arm-none-eabi/lib/thumb/v7e-m/nofp\libnosys.a(_exit.o)
                0x08002ffc                _exit
 *(.glue_7)
 .glue_7        0x08003000        0x0 linker stubs
 *(.glue_7t)
 .glue_7t       0x08003000        0x0 linker stubs
 *(.eh_frame)
 .eh_frame      0x08003000        0x0 f:/programs/chipwhisperer5_64/cw/home/portable/armgcc/bin/../lib/gcc/arm-none-eabi/10.2.1/thumb/v7e-m/nofp/crtbegin.o
 *(.init)
 .init          0x08003000        0x4 f:/programs/chipwhisperer5_64/cw/home/portable/armgcc/bin/../lib/gcc/arm-none-eabi/10.2.1/thumb/v7e-m/nofp/crti.o
                0x08003000                _init
 .init          0x08003004        0x8 f:/programs/chipwhisperer5_64/cw/home/portable/armgcc/bin/../lib/gcc/arm-none-eabi/10.2.1/thumb/v7e-m/nofp/crtn.o
 *(.fini)
 .fini          0x0800300c        0x4 f:/programs/chipwhisperer5_64/cw/home/portable/armgcc/bin/../lib/gcc/arm-none-eabi/10.2.1/thumb/v7e-m/nofp/crti.o
                0x0800300c                _fini
 .fini          0x08003010        0x8 f:/programs/chipwhisperer5_64/cw/home/portable/armgcc/bin/../lib/gcc/arm-none-eabi/10.2.1/thumb/v7e-m/nofp/crtn.o
                0x08003018                . = ALIGN (0x4)
                0x08003018                _etext = .

.vfp11_veneer   0x08003018        0x0
 .vfp11_veneer  0x08003018        0x0 linker stubs

.v4_bx          0x08003018        0x0
 .v4_bx         0x08003018        0x0 linker stubs

.iplt           0x08003018        0x0
 .iplt          0x08003018        0x0 f:/programs/chipwhisperer5_64/cw/home/portable/armgcc/bin/../lib/gcc/arm-none-eabi/10.2.1/thumb/v7e-m/nofp/crtbegin.o

.rodata         0x08003018      0x190
                0x08003018                . = ALIGN (0x4)
 *(.rodata)
 .rodata        0x08003018       0x10 objdir-CWLITEARM/simpleserial.o
 .rodata        0x08003028        0x3 objdir-CWLITEARM/stm32f3_hal_lowlevel.o
 *(.rodata*)
 .rodata.str1.1
                0x0800302b       0x11 objdir-CWLITEARM/masked-decode-syndrome-Copy2.o
 .rodata._global_impure_ptr
                0x0800303c        0x4 f:/programs/chipwhisperer5_64/cw/home/portable/armgcc/bin/../lib/gcc/arm-none-eabi/10.2.1/../../../../arm-none-eabi/lib/thumb/v7e-m/nofp\libg_nano.a(lib_a-impure.o)
                0x0800303c                _global_impure_ptr
 .rodata.srandom.str1.1
                0x08003040       0x96 f:/programs/chipwhisperer5_64/cw/home/portable/armgcc/bin/../lib/gcc/arm-none-eabi/10.2.1/../../../../arm-none-eabi/lib/thumb/v7e-m/nofp\libg_nano.a(lib_a-random.o)
 .rodata.__assert_func.str1.1
                0x080030d6       0x3c f:/programs/chipwhisperer5_64/cw/home/portable/armgcc/bin/../lib/gcc/arm-none-eabi/10.2.1/../../../../arm-none-eabi/lib/thumb/v7e-m/nofp\libg_nano.a(lib_a-assert.o)
                                 0x3d (size before relaxing)
 .rodata._vfprintf_r.str1.1
                0x08003112       0x11 f:/programs/chipwhisperer5_64/cw/home/portable/armgcc/bin/../lib/gcc/arm-none-eabi/10.2.1/../../../../arm-none-eabi/lib/thumb/v7e-m/nofp\libg_nano.a(lib_a-nano-vfprintf.o)
 .rodata._printf_i.str1.1
                0x08003123       0x22 f:/programs/chipwhisperer5_64/cw/home/portable/armgcc/bin/../lib/gcc/arm-none-eabi/10.2.1/../../../../arm-none-eabi/lib/thumb/v7e-m/nofp\libg_nano.a(lib_a-nano-vfprintf_i.o)
 *fill*         0x08003145        0x3 
 .rodata.__sf_fake_stderr
                0x08003148       0x20 f:/programs/chipwhisperer5_64/cw/home/portable/armgcc/bin/../lib/gcc/arm-none-eabi/10.2.1/../../../../arm-none-eabi/lib/thumb/v7e-m/nofp\libg_nano.a(lib_a-findfp.o)
                0x08003148                __sf_fake_stderr
 .rodata.__sf_fake_stdin
                0x08003168       0x20 f:/programs/chipwhisperer5_64/cw/home/portable/armgcc/bin/../lib/gcc/arm-none-eabi/10.2.1/../../../../arm-none-eabi/lib/thumb/v7e-m/nofp\libg_nano.a(lib_a-findfp.o)
                0x08003168                __sf_fake_stdin
 .rodata.__sf_fake_stdout
                0x08003188       0x20 f:/programs/chipwhisperer5_64/cw/home/portable/armgcc/bin/../lib/gcc/arm-none-eabi/10.2.1/../../../../arm-none-eabi/lib/thumb/v7e-m/nofp\libg_nano.a(lib_a-findfp.o)
                0x08003188                __sf_fake_stdout
                0x080031a8                . = ALIGN (0x4)

.rel.dyn        0x080031a8        0x0
 .rel.iplt      0x080031a8        0x0 f:/programs/chipwhisperer5_64/cw/home/portable/armgcc/bin/../lib/gcc/arm-none-eabi/10.2.1/thumb/v7e-m/nofp/crtbegin.o

.ARM.extab      0x080031a8        0x0
                0x080031a8                . = ALIGN (0x4)
 *(.ARM.extab* .gnu.linkonce.armextab.*)
                0x080031a8                . = ALIGN (0x4)

.ARM            0x080031a8        0x0
                0x080031a8                . = ALIGN (0x4)
                0x080031a8                __exidx_start = .
 *(.ARM.exidx*)
                0x080031a8                __exidx_end = .
                0x080031a8                . = ALIGN (0x4)

.preinit_array  0x080031a8        0x0
                0x080031a8                . = ALIGN (0x4)
                0x080031a8                PROVIDE (__preinit_array_start = .)
 *(.preinit_array*)
                0x080031a8                PROVIDE (__preinit_array_end = .)
                0x080031a8                . = ALIGN (0x4)

.init_array     0x080031a8        0x4
                0x080031a8                . = ALIGN (0x4)
                0x080031a8                PROVIDE (__init_array_start = .)
 *(SORT_BY_NAME(.init_array.*))
 *(.init_array*)
 .init_array    0x080031a8        0x4 f:/programs/chipwhisperer5_64/cw/home/portable/armgcc/bin/../lib/gcc/arm-none-eabi/10.2.1/thumb/v7e-m/nofp/crtbegin.o
                0x080031ac                PROVIDE (__init_array_end = .)
                0x080031ac                . = ALIGN (0x4)

.fini_array     0x080031ac        0x4
                0x080031ac                . = ALIGN (0x4)
                [!provide]                PROVIDE (__fini_array_start = .)
 *(SORT_BY_NAME(.fini_array.*))
 *(.fini_array*)
 .fini_array    0x080031ac        0x4 f:/programs/chipwhisperer5_64/cw/home/portable/armgcc/bin/../lib/gcc/arm-none-eabi/10.2.1/thumb/v7e-m/nofp/crtbegin.o
                [!provide]                PROVIDE (__fini_array_end = .)
                0x080031b0                . = ALIGN (0x4)
                0x080031b0                _sidata = LOADADDR (.data)

.data           0x20000000      0x270 load address 0x080031b0
                0x20000000                . = ALIGN (0x4)
                0x20000000                _sdata = .
 *(.data)
 .data          0x20000000      0x20b objdir-CWLITEARM/aes.o
                0x20000000                sbox
                0x20000100                Rcon
                0x2000010b                rsbox
 *(.data*)
 *fill*         0x2000020b        0x1 
 .data._impure_ptr
                0x2000020c        0x4 f:/programs/chipwhisperer5_64/cw/home/portable/armgcc/bin/../lib/gcc/arm-none-eabi/10.2.1/../../../../arm-none-eabi/lib/thumb/v7e-m/nofp\libg_nano.a(lib_a-impure.o)
                0x2000020c                _impure_ptr
 .data.impure_data
                0x20000210       0x60 f:/programs/chipwhisperer5_64/cw/home/portable/armgcc/bin/../lib/gcc/arm-none-eabi/10.2.1/../../../../arm-none-eabi/lib/thumb/v7e-m/nofp\libg_nano.a(lib_a-impure.o)
                0x20000270                . = ALIGN (0x4)
                0x20000270                _edata = .

.igot.plt       0x20000270        0x0 load address 0x08003420
 .igot.plt      0x20000270        0x0 f:/programs/chipwhisperer5_64/cw/home/portable/armgcc/bin/../lib/gcc/arm-none-eabi/10.2.1/thumb/v7e-m/nofp/crtbegin.o
                0x20000270                . = ALIGN (0x4)

.bss            0x20000270      0x7ac load address 0x08003420
                0x20000270                _sbss = .
                0x20000270                __bss_start__ = _sbss
 *(.bss)
 .bss           0x20000270       0x1c f:/programs/chipwhisperer5_64/cw/home/portable/armgcc/bin/../lib/gcc/arm-none-eabi/10.2.1/thumb/v7e-m/nofp/crtbegin.o
 .bss           0x2000028c      0x536 objdir-CWLITEARM/masked-decode-syndrome-Copy2.o
                0x2000028c                diff
                0x20000290                seed
                0x20000294                m
                0x20000295                p
                0x200002a3                n
                0x200002a4                length
                0x200002a5                alpha_to
                0x20000328                index_of
                0x200003ab                t
                0x200003ac                d
                0x200003ad                t2
                0x200003ae                k
                0x200003af                g
                0x20000432                bb
                0x200004b5                data
                0x20000538                s
                0x200005bb                recd
                0x2000063e                mem
                0x200006be                error
                0x20000741                info
                0x200007c1                helper
 *fill*         0x200007c2        0x2 
 .bss           0x200007c4      0x104 objdir-CWLITEARM/simpleserial.o
 .bss           0x200008c8       0x70 objdir-CWLITEARM/stm32f3_hal.o
                0x200008c8                UartHandle
 .bss           0x20000938        0x8 objdir-CWLITEARM/stm32f3_hal_lowlevel.o
                0x20000938                hal_sys_tick
                0x2000093c                uwTick
 .bss           0x20000940        0x4 objdir-CWLITEARM/stm32f3_sysmem.o
 .bss           0x20000944       0xc8 objdir-CWLITEARM/aes.o
 *(.bss*)
 .bss.__malloc_free_list
                0x20000a0c        0x4 f:/programs/chipwhisperer5_64/cw/home/portable/armgcc/bin/../lib/gcc/arm-none-eabi/10.2.1/../../../../arm-none-eabi/lib/thumb/v7e-m/nofp\libg_nano.a(lib_a-nano-mallocr.o)
                0x20000a0c                __malloc_free_list
 .bss.__malloc_sbrk_start
                0x20000a10        0x4 f:/programs/chipwhisperer5_64/cw/home/portable/armgcc/bin/../lib/gcc/arm-none-eabi/10.2.1/../../../../arm-none-eabi/lib/thumb/v7e-m/nofp\libg_nano.a(lib_a-nano-mallocr.o)
                0x20000a10                __malloc_sbrk_start
 .bss.__lock___malloc_recursive_mutex
                0x20000a14        0x1 f:/programs/chipwhisperer5_64/cw/home/portable/armgcc/bin/../lib/gcc/arm-none-eabi/10.2.1/../../../../arm-none-eabi/lib/thumb/v7e-m/nofp\libg_nano.a(lib_a-lock.o)
                0x20000a14                __lock___malloc_recursive_mutex
 .bss.__lock___sfp_recursive_mutex
                0x20000a15        0x1 f:/programs/chipwhisperer5_64/cw/home/portable/armgcc/bin/../lib/gcc/arm-none-eabi/10.2.1/../../../../arm-none-eabi/lib/thumb/v7e-m/nofp\libg_nano.a(lib_a-lock.o)
                0x20000a15                __lock___sfp_recursive_mutex
 .bss.__lock___sinit_recursive_mutex
                0x20000a16        0x1 f:/programs/chipwhisperer5_64/cw/home/portable/armgcc/bin/../lib/gcc/arm-none-eabi/10.2.1/../../../../arm-none-eabi/lib/thumb/v7e-m/nofp\libg_nano.a(lib_a-lock.o)
                0x20000a16                __lock___sinit_recursive_mutex
 *fill*         0x20000a17        0x1 
 .bss.errno     0x20000a18        0x4 f:/programs/chipwhisperer5_64/cw/home/portable/armgcc/bin/../lib/gcc/arm-none-eabi/10.2.1/../../../../arm-none-eabi/lib/thumb/v7e-m/nofp\libg_nano.a(lib_a-reent.o)
                0x20000a18                errno
 *(COMMON)
                0x20000a1c                . = ALIGN (0x4)
                0x20000a1c                _ebss = .
                0x20000a1c                __bss_end__ = _ebss

._user_heap_stack
                0x20000a1c      0x404 load address 0x08003420
                0x20000a20                . = ALIGN (0x8)
 *fill*         0x20000a1c        0x4 
                0x20000a20                PROVIDE (end = .)
                [!provide]                PROVIDE (_end = .)
                0x20000a20                . = (. + _Min_Heap_Size)
                0x20000e20                . = (. + _Min_Stack_Size)
 *fill*         0x20000a20      0x400 
                0x20000e20                . = ALIGN (0x8)

/DISCARD/
 libc.a(*)
 libm.a(*)
 libgcc.a(*)

.ARM.attributes
                0x00000000       0x2a
 *(.ARM.attributes)
 .ARM.attributes
                0x00000000       0x1e f:/programs/chipwhisperer5_64/cw/home/portable/armgcc/bin/../lib/gcc/arm-none-eabi/10.2.1/thumb/v7e-m/nofp/crti.o
 .ARM.attributes
                0x0000001e       0x2e f:/programs/chipwhisperer5_64/cw/home/portable/armgcc/bin/../lib/gcc/arm-none-eabi/10.2.1/thumb/v7e-m/nofp/crtbegin.o
 .ARM.attributes
                0x0000004c       0x2e objdir-CWLITEARM/masked-decode-syndrome-Copy2.o
 .ARM.attributes
                0x0000007a       0x2e objdir-CWLITEARM/simpleserial.o
 .ARM.attributes
                0x000000a8       0x2e objdir-CWLITEARM/stm32f3_hal.o
 .ARM.attributes
                0x000000d6       0x2e objdir-CWLITEARM/stm32f3_hal_lowlevel.o
 .ARM.attributes
                0x00000104       0x2e objdir-CWLITEARM/stm32f3_sysmem.o
 .ARM.attributes
                0x00000132       0x2e objdir-CWLITEARM/aes.o
 .ARM.attributes
                0x00000160       0x2e objdir-CWLITEARM/aes-independant.o
 .ARM.attributes
                0x0000018e       0x21 objdir-CWLITEARM/stm32f3_startup.o
 .ARM.attributes
                0x000001af       0x2e f:/programs/chipwhisperer5_64/cw/home/portable/armgcc/bin/../lib/gcc/arm-none-eabi/10.2.1/../../../../arm-none-eabi/lib/thumb/v7e-m/nofp\libg_nano.a(lib_a-errno.o)
 .ARM.attributes
                0x000001dd       0x2e f:/programs/chipwhisperer5_64/cw/home/portable/armgcc/bin/../lib/gcc/arm-none-eabi/10.2.1/../../../../arm-none-eabi/lib/thumb/v7e-m/nofp\libg_nano.a(lib_a-impure.o)
 .ARM.attributes
                0x0000020b       0x2e f:/programs/chipwhisperer5_64/cw/home/portable/armgcc/bin/../lib/gcc/arm-none-eabi/10.2.1/../../../../arm-none-eabi/lib/thumb/v7e-m/nofp\libg_nano.a(lib_a-init.o)
 .ARM.attributes
                0x00000239       0x2e f:/programs/chipwhisperer5_64/cw/home/portable/armgcc/bin/../lib/gcc/arm-none-eabi/10.2.1/../../../../arm-none-eabi/lib/thumb/v7e-m/nofp\libg_nano.a(lib_a-memcpy-stub.o)
 .ARM.attributes
                0x00000267       0x2e f:/programs/chipwhisperer5_64/cw/home/portable/armgcc/bin/../lib/gcc/arm-none-eabi/10.2.1/../../../../arm-none-eabi/lib/thumb/v7e-m/nofp\libg_nano.a(lib_a-memmove.o)
 .ARM.attributes
                0x00000295       0x2e f:/programs/chipwhisperer5_64/cw/home/portable/armgcc/bin/../lib/gcc/arm-none-eabi/10.2.1/../../../../arm-none-eabi/lib/thumb/v7e-m/nofp\libg_nano.a(lib_a-memset.o)
 .ARM.attributes
                0x000002c3       0x2e f:/programs/chipwhisperer5_64/cw/home/portable/armgcc/bin/../lib/gcc/arm-none-eabi/10.2.1/../../../../arm-none-eabi/lib/thumb/v7e-m/nofp\libg_nano.a(lib_a-random.o)
 .ARM.attributes
                0x000002f1       0x2e f:/programs/chipwhisperer5_64/cw/home/portable/armgcc/bin/../lib/gcc/arm-none-eabi/10.2.1/../../../../arm-none-eabi/lib/thumb/v7e-m/nofp\libg_nano.a(lib_a-assert.o)
 .ARM.attributes
                0x0000031f       0x2e f:/programs/chipwhisperer5_64/cw/home/portable/armgcc/bin/../lib/gcc/arm-none-eabi/10.2.1/../../../../arm-none-eabi/lib/thumb/v7e-m/nofp\libg_nano.a(lib_a-fprintf.o)
 .ARM.attributes
                0x0000034d       0x2e f:/programs/chipwhisperer5_64/cw/home/portable/armgcc/bin/../lib/gcc/arm-none-eabi/10.2.1/../../../../arm-none-eabi/lib/thumb/v7e-m/nofp\libg_nano.a(lib_a-malloc.o)
 .ARM.attributes
                0x0000037b       0x2e f:/programs/chipwhisperer5_64/cw/home/portable/armgcc/bin/../lib/gcc/arm-none-eabi/10.2.1/../../../../arm-none-eabi/lib/thumb/v7e-m/nofp\libg_nano.a(lib_a-nano-freer.o)
 .ARM.attributes
                0x000003a9       0x2e f:/programs/chipwhisperer5_64/cw/home/portable/armgcc/bin/../lib/gcc/arm-none-eabi/10.2.1/../../../../arm-none-eabi/lib/thumb/v7e-m/nofp\libg_nano.a(lib_a-nano-mallocr.o)
 .ARM.attributes
                0x000003d7       0x2e f:/programs/chipwhisperer5_64/cw/home/portable/armgcc/bin/../lib/gcc/arm-none-eabi/10.2.1/../../../../arm-none-eabi/lib/thumb/v7e-m/nofp\libg_nano.a(lib_a-nano-vfprintf.o)
 .ARM.attributes
                0x00000405       0x2e f:/programs/chipwhisperer5_64/cw/home/portable/armgcc/bin/../lib/gcc/arm-none-eabi/10.2.1/../../../../arm-none-eabi/lib/thumb/v7e-m/nofp\libg_nano.a(lib_a-nano-vfprintf_i.o)
 .ARM.attributes
                0x00000433       0x2e f:/programs/chipwhisperer5_64/cw/home/portable/armgcc/bin/../lib/gcc/arm-none-eabi/10.2.1/../../../../arm-none-eabi/lib/thumb/v7e-m/nofp\libg_nano.a(lib_a-sbrkr.o)
 .ARM.attributes
                0x00000461       0x2e f:/programs/chipwhisperer5_64/cw/home/portable/armgcc/bin/../lib/gcc/arm-none-eabi/10.2.1/../../../../arm-none-eabi/lib/thumb/v7e-m/nofp\libg_nano.a(lib_a-wbuf.o)
 .ARM.attributes
                0x0000048f       0x2e f:/programs/chipwhisperer5_64/cw/home/portable/armgcc/bin/../lib/gcc/arm-none-eabi/10.2.1/../../../../arm-none-eabi/lib/thumb/v7e-m/nofp\libg_nano.a(lib_a-wsetup.o)
 .ARM.attributes
                0x000004bd       0x2e f:/programs/chipwhisperer5_64/cw/home/portable/armgcc/bin/../lib/gcc/arm-none-eabi/10.2.1/../../../../arm-none-eabi/lib/thumb/v7e-m/nofp\libg_nano.a(lib_a-abort.o)
 .ARM.attributes
                0x000004eb       0x2e f:/programs/chipwhisperer5_64/cw/home/portable/armgcc/bin/../lib/gcc/arm-none-eabi/10.2.1/../../../../arm-none-eabi/lib/thumb/v7e-m/nofp\libg_nano.a(lib_a-fflush.o)
 .ARM.attributes
                0x00000519       0x2e f:/programs/chipwhisperer5_64/cw/home/portable/armgcc/bin/../lib/gcc/arm-none-eabi/10.2.1/../../../../arm-none-eabi/lib/thumb/v7e-m/nofp\libg_nano.a(lib_a-findfp.o)
 .ARM.attributes
                0x00000547       0x2e f:/programs/chipwhisperer5_64/cw/home/portable/armgcc/bin/../lib/gcc/arm-none-eabi/10.2.1/../../../../arm-none-eabi/lib/thumb/v7e-m/nofp\libg_nano.a(lib_a-fwalk.o)
 .ARM.attributes
                0x00000575       0x2e f:/programs/chipwhisperer5_64/cw/home/portable/armgcc/bin/../lib/gcc/arm-none-eabi/10.2.1/../../../../arm-none-eabi/lib/thumb/v7e-m/nofp\libg_nano.a(lib_a-lock.o)
 .ARM.attributes
                0x000005a3       0x2e f:/programs/chipwhisperer5_64/cw/home/portable/armgcc/bin/../lib/gcc/arm-none-eabi/10.2.1/../../../../arm-none-eabi/lib/thumb/v7e-m/nofp\libg_nano.a(lib_a-makebuf.o)
 .ARM.attributes
                0x000005d1       0x1c f:/programs/chipwhisperer5_64/cw/home/portable/armgcc/bin/../lib/gcc/arm-none-eabi/10.2.1/../../../../arm-none-eabi/lib/thumb/v7e-m/nofp\libg_nano.a(lib_a-memchr.o)
 .ARM.attributes
                0x000005ed       0x2e f:/programs/chipwhisperer5_64/cw/home/portable/armgcc/bin/../lib/gcc/arm-none-eabi/10.2.1/../../../../arm-none-eabi/lib/thumb/v7e-m/nofp\libg_nano.a(lib_a-mlock.o)
 .ARM.attributes
                0x0000061b       0x2e f:/programs/chipwhisperer5_64/cw/home/portable/armgcc/bin/../lib/gcc/arm-none-eabi/10.2.1/../../../../arm-none-eabi/lib/thumb/v7e-m/nofp\libg_nano.a(lib_a-reent.o)
 .ARM.attributes
                0x00000649       0x2e f:/programs/chipwhisperer5_64/cw/home/portable/armgcc/bin/../lib/gcc/arm-none-eabi/10.2.1/../../../../arm-none-eabi/lib/thumb/v7e-m/nofp\libg_nano.a(lib_a-signal.o)
 .ARM.attributes
                0x00000677       0x2e f:/programs/chipwhisperer5_64/cw/home/portable/armgcc/bin/../lib/gcc/arm-none-eabi/10.2.1/../../../../arm-none-eabi/lib/thumb/v7e-m/nofp\libg_nano.a(lib_a-signalr.o)
 .ARM.attributes
                0x000006a5       0x2e f:/programs/chipwhisperer5_64/cw/home/portable/armgcc/bin/../lib/gcc/arm-none-eabi/10.2.1/../../../../arm-none-eabi/lib/thumb/v7e-m/nofp\libg_nano.a(lib_a-stdio.o)
 .ARM.attributes
                0x000006d3       0x2e f:/programs/chipwhisperer5_64/cw/home/portable/armgcc/bin/../lib/gcc/arm-none-eabi/10.2.1/../../../../arm-none-eabi/lib/thumb/v7e-m/nofp\libg_nano.a(lib_a-writer.o)
 .ARM.attributes
                0x00000701       0x2e f:/programs/chipwhisperer5_64/cw/home/portable/armgcc/bin/../lib/gcc/arm-none-eabi/10.2.1/../../../../arm-none-eabi/lib/thumb/v7e-m/nofp\libg_nano.a(lib_a-closer.o)
 .ARM.attributes
                0x0000072f       0x2e f:/programs/chipwhisperer5_64/cw/home/portable/armgcc/bin/../lib/gcc/arm-none-eabi/10.2.1/../../../../arm-none-eabi/lib/thumb/v7e-m/nofp\libg_nano.a(lib_a-fstatr.o)
 .ARM.attributes
                0x0000075d       0x2e f:/programs/chipwhisperer5_64/cw/home/portable/armgcc/bin/../lib/gcc/arm-none-eabi/10.2.1/../../../../arm-none-eabi/lib/thumb/v7e-m/nofp\libg_nano.a(lib_a-isattyr.o)
 .ARM.attributes
                0x0000078b       0x2e f:/programs/chipwhisperer5_64/cw/home/portable/armgcc/bin/../lib/gcc/arm-none-eabi/10.2.1/../../../../arm-none-eabi/lib/thumb/v7e-m/nofp\libg_nano.a(lib_a-lseekr.o)
 .ARM.attributes
                0x000007b9       0x2e f:/programs/chipwhisperer5_64/cw/home/portable/armgcc/bin/../lib/gcc/arm-none-eabi/10.2.1/../../../../arm-none-eabi/lib/thumb/v7e-m/nofp\libg_nano.a(lib_a-readr.o)
 .ARM.attributes
                0x000007e7       0x2e f:/programs/chipwhisperer5_64/cw/home/portable/armgcc/bin/../lib/gcc/arm-none-eabi/10.2.1/../../../../arm-none-eabi/lib/thumb/v7e-m/nofp\libnosys.a(close.o)
 .ARM.attributes
                0x00000815       0x2e f:/programs/chipwhisperer5_64/cw/home/portable/armgcc/bin/../lib/gcc/arm-none-eabi/10.2.1/../../../../arm-none-eabi/lib/thumb/v7e-m/nofp\libnosys.a(fstat.o)
 .ARM.attributes
                0x00000843       0x2e f:/programs/chipwhisperer5_64/cw/home/portable/armgcc/bin/../lib/gcc/arm-none-eabi/10.2.1/../../../../arm-none-eabi/lib/thumb/v7e-m/nofp\libnosys.a(getpid.o)
 .ARM.attributes
                0x00000871       0x2e f:/programs/chipwhisperer5_64/cw/home/portable/armgcc/bin/../lib/gcc/arm-none-eabi/10.2.1/../../../../arm-none-eabi/lib/thumb/v7e-m/nofp\libnosys.a(isatty.o)
 .ARM.attributes
                0x0000089f       0x2e f:/programs/chipwhisperer5_64/cw/home/portable/armgcc/bin/../lib/gcc/arm-none-eabi/10.2.1/../../../../arm-none-eabi/lib/thumb/v7e-m/nofp\libnosys.a(kill.o)
 .ARM.attributes
                0x000008cd       0x2e f:/programs/chipwhisperer5_64/cw/home/portable/armgcc/bin/../lib/gcc/arm-none-eabi/10.2.1/../../../../arm-none-eabi/lib/thumb/v7e-m/nofp\libnosys.a(lseek.o)
 .ARM.attributes
                0x000008fb       0x2e f:/programs/chipwhisperer5_64/cw/home/portable/armgcc/bin/../lib/gcc/arm-none-eabi/10.2.1/../../../../arm-none-eabi/lib/thumb/v7e-m/nofp\libnosys.a(read.o)
 .ARM.attributes
                0x00000929       0x2e f:/programs/chipwhisperer5_64/cw/home/portable/armgcc/bin/../lib/gcc/arm-none-eabi/10.2.1/../../../../arm-none-eabi/lib/thumb/v7e-m/nofp\libnosys.a(write.o)
 .ARM.attributes
                0x00000957       0x2e f:/programs/chipwhisperer5_64/cw/home/portable/armgcc/bin/../lib/gcc/arm-none-eabi/10.2.1/../../../../arm-none-eabi/lib/thumb/v7e-m/nofp\libnosys.a(_exit.o)
 .ARM.attributes
                0x00000985       0x1e f:/programs/chipwhisperer5_64/cw/home/portable/armgcc/bin/../lib/gcc/arm-none-eabi/10.2.1/thumb/v7e-m/nofp/crtn.o
OUTPUT(testsyn-CWLITEARM.elf elf32-littlearm)
LOAD linker stubs
LOAD f:/programs/chipwhisperer5_64/cw/home/portable/armgcc/bin/../lib/gcc/arm-none-eabi/10.2.1/../../../../arm-none-eabi/lib/thumb/v7e-m/nofp\libc.a
LOAD f:/programs/chipwhisperer5_64/cw/home/portable/armgcc/bin/../lib/gcc/arm-none-eabi/10.2.1/../../../../arm-none-eabi/lib/thumb/v7e-m/nofp\libm.a
LOAD f:/programs/chipwhisperer5_64/cw/home/portable/armgcc/bin/../lib/gcc/arm-none-eabi/10.2.1/thumb/v7e-m/nofp\libgcc.a

.debug_info     0x00000000     0x5980
 .debug_info    0x00000000     0x1074 objdir-CWLITEARM/masked-decode-syndrome-Copy2.o
 .debug_info    0x00001074      0x7b4 objdir-CWLITEARM/simpleserial.o
 .debug_info    0x00001828      0xe88 objdir-CWLITEARM/stm32f3_hal.o
 .debug_info    0x000026b0     0x25bf objdir-CWLITEARM/stm32f3_hal_lowlevel.o
 .debug_info    0x00004c6f      0x119 objdir-CWLITEARM/stm32f3_sysmem.o
 .debug_info    0x00004d88      0xa0d objdir-CWLITEARM/aes.o
 .debug_info    0x00005795      0x1eb objdir-CWLITEARM/aes-independant.o

.debug_abbrev   0x00000000     0x11f4
 .debug_abbrev  0x00000000      0x362 objdir-CWLITEARM/masked-decode-syndrome-Copy2.o
 .debug_abbrev  0x00000362      0x28f objdir-CWLITEARM/simpleserial.o
 .debug_abbrev  0x000005f1      0x225 objdir-CWLITEARM/stm32f3_hal.o
 .debug_abbrev  0x00000816      0x4af objdir-CWLITEARM/stm32f3_hal_lowlevel.o
 .debug_abbrev  0x00000cc5       0xe1 objdir-CWLITEARM/stm32f3_sysmem.o
 .debug_abbrev  0x00000da6      0x30a objdir-CWLITEARM/aes.o
 .debug_abbrev  0x000010b0      0x144 objdir-CWLITEARM/aes-independant.o

.debug_loc      0x00000000     0x3980
 .debug_loc     0x00000000     0x11ee objdir-CWLITEARM/masked-decode-syndrome-Copy2.o
 .debug_loc     0x000011ee      0x60e objdir-CWLITEARM/simpleserial.o
 .debug_loc     0x000017fc      0x1a4 objdir-CWLITEARM/stm32f3_hal.o
 .debug_loc     0x000019a0     0x1671 objdir-CWLITEARM/stm32f3_hal_lowlevel.o
 .debug_loc     0x00003011       0x74 objdir-CWLITEARM/stm32f3_sysmem.o
 .debug_loc     0x00003085      0x8b1 objdir-CWLITEARM/aes.o
 .debug_loc     0x00003936       0x4a objdir-CWLITEARM/aes-independant.o

.debug_aranges  0x00000000      0x2e0
 .debug_aranges
                0x00000000       0xa8 objdir-CWLITEARM/masked-decode-syndrome-Copy2.o
 .debug_aranges
                0x000000a8       0x68 objdir-CWLITEARM/simpleserial.o
 .debug_aranges
                0x00000110       0x60 objdir-CWLITEARM/stm32f3_hal.o
 .debug_aranges
                0x00000170       0x90 objdir-CWLITEARM/stm32f3_hal_lowlevel.o
 .debug_aranges
                0x00000200       0x20 objdir-CWLITEARM/stm32f3_sysmem.o
 .debug_aranges
                0x00000220       0x80 objdir-CWLITEARM/aes.o
 .debug_aranges
                0x000002a0       0x40 objdir-CWLITEARM/aes-independant.o

.debug_ranges   0x00000000      0x5c8
 .debug_ranges  0x00000000       0x98 objdir-CWLITEARM/masked-decode-syndrome-Copy2.o
 .debug_ranges  0x00000098      0x100 objdir-CWLITEARM/simpleserial.o
 .debug_ranges  0x00000198       0xb0 objdir-CWLITEARM/stm32f3_hal.o
 .debug_ranges  0x00000248      0x200 objdir-CWLITEARM/stm32f3_hal_lowlevel.o
 .debug_ranges  0x00000448       0x10 objdir-CWLITEARM/stm32f3_sysmem.o
 .debug_ranges  0x00000458      0x140 objdir-CWLITEARM/aes.o
 .debug_ranges  0x00000598       0x30 objdir-CWLITEARM/aes-independant.o

.debug_line     0x00000000     0x40ac
 .debug_line    0x00000000     0x14ae objdir-CWLITEARM/masked-decode-syndrome-Copy2.o
 .debug_line    0x000014ae      0x5ba objdir-CWLITEARM/simpleserial.o
 .debug_line    0x00001a68      0x3d9 objdir-CWLITEARM/stm32f3_hal.o
 .debug_line    0x00001e41     0x1740 objdir-CWLITEARM/stm32f3_hal_lowlevel.o
 .debug_line    0x00003581      0x111 objdir-CWLITEARM/stm32f3_sysmem.o
 .debug_line    0x00003692      0x87f objdir-CWLITEARM/aes.o
 .debug_line    0x00003f11      0x19b objdir-CWLITEARM/aes-independant.o

.debug_str      0x00000000     0x1675
 .debug_str     0x00000000      0x451 objdir-CWLITEARM/masked-decode-syndrome-Copy2.o
                                0x4e7 (size before relaxing)
 .debug_str     0x00000451       0xca objdir-CWLITEARM/simpleserial.o
                                0x324 (size before relaxing)
 .debug_str     0x0000051b      0x6e8 objdir-CWLITEARM/stm32f3_hal.o
                                0x968 (size before relaxing)
 .debug_str     0x00000c03      0x8c2 objdir-CWLITEARM/stm32f3_hal_lowlevel.o
                               0x11cd (size before relaxing)
 .debug_str     0x000014c5       0x58 objdir-CWLITEARM/stm32f3_sysmem.o
                                0x226 (size before relaxing)
 .debug_str     0x0000151d      0x122 objdir-CWLITEARM/aes.o
                                0x34c (size before relaxing)
 .debug_str     0x0000163f       0x36 objdir-CWLITEARM/aes-independant.o
                                0x295 (size before relaxing)

.comment        0x00000000       0x4d
 .comment       0x00000000       0x4d objdir-CWLITEARM/masked-decode-syndrome-Copy2.o
                                 0x4e (size before relaxing)
 .comment       0x0000004d       0x4e objdir-CWLITEARM/simpleserial.o
 .comment       0x0000004d       0x4e objdir-CWLITEARM/stm32f3_hal.o
 .comment       0x0000004d       0x4e objdir-CWLITEARM/stm32f3_hal_lowlevel.o
 .comment       0x0000004d       0x4e objdir-CWLITEARM/stm32f3_sysmem.o
 .comment       0x0000004d       0x4e objdir-CWLITEARM/aes.o
 .comment       0x0000004d       0x4e objdir-CWLITEARM/aes-independant.o

.debug_frame    0x00000000     0x138c
 .debug_frame   0x00000000      0x23c objdir-CWLITEARM/masked-decode-syndrome-Copy2.o
 .debug_frame   0x0000023c      0x12c objdir-CWLITEARM/simpleserial.o
 .debug_frame   0x00000368       0xec objdir-CWLITEARM/stm32f3_hal.o
 .debug_frame   0x00000454      0x1d4 objdir-CWLITEARM/stm32f3_hal_lowlevel.o
 .debug_frame   0x00000628       0x28 objdir-CWLITEARM/stm32f3_sysmem.o
 .debug_frame   0x00000650      0x17c objdir-CWLITEARM/aes.o
 .debug_frame   0x000007cc       0x70 objdir-CWLITEARM/aes-independant.o
 .debug_frame   0x0000083c       0x20 f:/programs/chipwhisperer5_64/cw/home/portable/armgcc/bin/../lib/gcc/arm-none-eabi/10.2.1/../../../../arm-none-eabi/lib/thumb/v7e-m/nofp\libg_nano.a(lib_a-errno.o)
 .debug_frame   0x0000085c       0x2c f:/programs/chipwhisperer5_64/cw/home/portable/armgcc/bin/../lib/gcc/arm-none-eabi/10.2.1/../../../../arm-none-eabi/lib/thumb/v7e-m/nofp\libg_nano.a(lib_a-init.o)
 .debug_frame   0x00000888       0x28 f:/programs/chipwhisperer5_64/cw/home/portable/armgcc/bin/../lib/gcc/arm-none-eabi/10.2.1/../../../../arm-none-eabi/lib/thumb/v7e-m/nofp\libg_nano.a(lib_a-memcpy-stub.o)
 .debug_frame   0x000008b0       0x28 f:/programs/chipwhisperer5_64/cw/home/portable/armgcc/bin/../lib/gcc/arm-none-eabi/10.2.1/../../../../arm-none-eabi/lib/thumb/v7e-m/nofp\libg_nano.a(lib_a-memmove.o)
 .debug_frame   0x000008d8       0x20 f:/programs/chipwhisperer5_64/cw/home/portable/armgcc/bin/../lib/gcc/arm-none-eabi/10.2.1/../../../../arm-none-eabi/lib/thumb/v7e-m/nofp\libg_nano.a(lib_a-memset.o)
 .debug_frame   0x000008f8       0x44 f:/programs/chipwhisperer5_64/cw/home/portable/armgcc/bin/../lib/gcc/arm-none-eabi/10.2.1/../../../../arm-none-eabi/lib/thumb/v7e-m/nofp\libg_nano.a(lib_a-random.o)
 .debug_frame   0x0000093c       0x40 f:/programs/chipwhisperer5_64/cw/home/portable/armgcc/bin/../lib/gcc/arm-none-eabi/10.2.1/../../../../arm-none-eabi/lib/thumb/v7e-m/nofp\libg_nano.a(lib_a-assert.o)
 .debug_frame   0x0000097c       0x64 f:/programs/chipwhisperer5_64/cw/home/portable/armgcc/bin/../lib/gcc/arm-none-eabi/10.2.1/../../../../arm-none-eabi/lib/thumb/v7e-m/nofp\libg_nano.a(lib_a-fprintf.o)
 .debug_frame   0x000009e0       0x30 f:/programs/chipwhisperer5_64/cw/home/portable/armgcc/bin/../lib/gcc/arm-none-eabi/10.2.1/../../../../arm-none-eabi/lib/thumb/v7e-m/nofp\libg_nano.a(lib_a-malloc.o)
 .debug_frame   0x00000a10       0x38 f:/programs/chipwhisperer5_64/cw/home/portable/armgcc/bin/../lib/gcc/arm-none-eabi/10.2.1/../../../../arm-none-eabi/lib/thumb/v7e-m/nofp\libg_nano.a(lib_a-nano-freer.o)
 .debug_frame   0x00000a48       0x30 f:/programs/chipwhisperer5_64/cw/home/portable/armgcc/bin/../lib/gcc/arm-none-eabi/10.2.1/../../../../arm-none-eabi/lib/thumb/v7e-m/nofp\libg_nano.a(lib_a-nano-mallocr.o)
 .debug_frame   0x00000a78       0xac f:/programs/chipwhisperer5_64/cw/home/portable/armgcc/bin/../lib/gcc/arm-none-eabi/10.2.1/../../../../arm-none-eabi/lib/thumb/v7e-m/nofp\libg_nano.a(lib_a-nano-vfprintf.o)
 .debug_frame   0x00000b24       0x60 f:/programs/chipwhisperer5_64/cw/home/portable/armgcc/bin/../lib/gcc/arm-none-eabi/10.2.1/../../../../arm-none-eabi/lib/thumb/v7e-m/nofp\libg_nano.a(lib_a-nano-vfprintf_i.o)
 .debug_frame   0x00000b84       0x2c f:/programs/chipwhisperer5_64/cw/home/portable/armgcc/bin/../lib/gcc/arm-none-eabi/10.2.1/../../../../arm-none-eabi/lib/thumb/v7e-m/nofp\libg_nano.a(lib_a-sbrkr.o)
 .debug_frame   0x00000bb0       0x40 f:/programs/chipwhisperer5_64/cw/home/portable/armgcc/bin/../lib/gcc/arm-none-eabi/10.2.1/../../../../arm-none-eabi/lib/thumb/v7e-m/nofp\libg_nano.a(lib_a-wbuf.o)
 .debug_frame   0x00000bf0       0x2c f:/programs/chipwhisperer5_64/cw/home/portable/armgcc/bin/../lib/gcc/arm-none-eabi/10.2.1/../../../../arm-none-eabi/lib/thumb/v7e-m/nofp\libg_nano.a(lib_a-wsetup.o)
 .debug_frame   0x00000c1c       0x28 f:/programs/chipwhisperer5_64/cw/home/portable/armgcc/bin/../lib/gcc/arm-none-eabi/10.2.1/../../../../arm-none-eabi/lib/thumb/v7e-m/nofp\libg_nano.a(lib_a-abort.o)
 .debug_frame   0x00000c44       0x5c f:/programs/chipwhisperer5_64/cw/home/portable/armgcc/bin/../lib/gcc/arm-none-eabi/10.2.1/../../../../arm-none-eabi/lib/thumb/v7e-m/nofp\libg_nano.a(lib_a-fflush.o)
 .debug_frame   0x00000ca0      0x14c f:/programs/chipwhisperer5_64/cw/home/portable/armgcc/bin/../lib/gcc/arm-none-eabi/10.2.1/../../../../arm-none-eabi/lib/thumb/v7e-m/nofp\libg_nano.a(lib_a-findfp.o)
 .debug_frame   0x00000dec       0x54 f:/programs/chipwhisperer5_64/cw/home/portable/armgcc/bin/../lib/gcc/arm-none-eabi/10.2.1/../../../../arm-none-eabi/lib/thumb/v7e-m/nofp\libg_nano.a(lib_a-fwalk.o)
 .debug_frame   0x00000e40       0xb0 f:/programs/chipwhisperer5_64/cw/home/portable/armgcc/bin/../lib/gcc/arm-none-eabi/10.2.1/../../../../arm-none-eabi/lib/thumb/v7e-m/nofp\libg_nano.a(lib_a-lock.o)
 .debug_frame   0x00000ef0       0x58 f:/programs/chipwhisperer5_64/cw/home/portable/armgcc/bin/../lib/gcc/arm-none-eabi/10.2.1/../../../../arm-none-eabi/lib/thumb/v7e-m/nofp\libg_nano.a(lib_a-makebuf.o)
 .debug_frame   0x00000f48       0x30 f:/programs/chipwhisperer5_64/cw/home/portable/armgcc/bin/../lib/gcc/arm-none-eabi/10.2.1/../../../../arm-none-eabi/lib/thumb/v7e-m/nofp\libg_nano.a(lib_a-mlock.o)
 .debug_frame   0x00000f78       0x5c f:/programs/chipwhisperer5_64/cw/home/portable/armgcc/bin/../lib/gcc/arm-none-eabi/10.2.1/../../../../arm-none-eabi/lib/thumb/v7e-m/nofp\libg_nano.a(lib_a-reent.o)
 .debug_frame   0x00000fd4       0xcc f:/programs/chipwhisperer5_64/cw/home/portable/armgcc/bin/../lib/gcc/arm-none-eabi/10.2.1/../../../../arm-none-eabi/lib/thumb/v7e-m/nofp\libg_nano.a(lib_a-signal.o)
 .debug_frame   0x000010a0       0x3c f:/programs/chipwhisperer5_64/cw/home/portable/armgcc/bin/../lib/gcc/arm-none-eabi/10.2.1/../../../../arm-none-eabi/lib/thumb/v7e-m/nofp\libg_nano.a(lib_a-signalr.o)
 .debug_frame   0x000010dc       0x88 f:/programs/chipwhisperer5_64/cw/home/portable/armgcc/bin/../lib/gcc/arm-none-eabi/10.2.1/../../../../arm-none-eabi/lib/thumb/v7e-m/nofp\libg_nano.a(lib_a-stdio.o)
 .debug_frame   0x00001164       0x2c f:/programs/chipwhisperer5_64/cw/home/portable/armgcc/bin/../lib/gcc/arm-none-eabi/10.2.1/../../../../arm-none-eabi/lib/thumb/v7e-m/nofp\libg_nano.a(lib_a-writer.o)
 .debug_frame   0x00001190       0x2c f:/programs/chipwhisperer5_64/cw/home/portable/armgcc/bin/../lib/gcc/arm-none-eabi/10.2.1/../../../../arm-none-eabi/lib/thumb/v7e-m/nofp\libg_nano.a(lib_a-closer.o)
 .debug_frame   0x000011bc       0x2c f:/programs/chipwhisperer5_64/cw/home/portable/armgcc/bin/../lib/gcc/arm-none-eabi/10.2.1/../../../../arm-none-eabi/lib/thumb/v7e-m/nofp\libg_nano.a(lib_a-fstatr.o)
 .debug_frame   0x000011e8       0x2c f:/programs/chipwhisperer5_64/cw/home/portable/armgcc/bin/../lib/gcc/arm-none-eabi/10.2.1/../../../../arm-none-eabi/lib/thumb/v7e-m/nofp\libg_nano.a(lib_a-isattyr.o)
 .debug_frame   0x00001214       0x2c f:/programs/chipwhisperer5_64/cw/home/portable/armgcc/bin/../lib/gcc/arm-none-eabi/10.2.1/../../../../arm-none-eabi/lib/thumb/v7e-m/nofp\libg_nano.a(lib_a-lseekr.o)
 .debug_frame   0x00001240       0x2c f:/programs/chipwhisperer5_64/cw/home/portable/armgcc/bin/../lib/gcc/arm-none-eabi/10.2.1/../../../../arm-none-eabi/lib/thumb/v7e-m/nofp\libg_nano.a(lib_a-readr.o)
 .debug_frame   0x0000126c       0x20 f:/programs/chipwhisperer5_64/cw/home/portable/armgcc/bin/../lib/gcc/arm-none-eabi/10.2.1/../../../../arm-none-eabi/lib/thumb/v7e-m/nofp\libnosys.a(close.o)
 .debug_frame   0x0000128c       0x20 f:/programs/chipwhisperer5_64/cw/home/portable/armgcc/bin/../lib/gcc/arm-none-eabi/10.2.1/../../../../arm-none-eabi/lib/thumb/v7e-m/nofp\libnosys.a(fstat.o)
 .debug_frame   0x000012ac       0x20 f:/programs/chipwhisperer5_64/cw/home/portable/armgcc/bin/../lib/gcc/arm-none-eabi/10.2.1/../../../../arm-none-eabi/lib/thumb/v7e-m/nofp\libnosys.a(getpid.o)
 .debug_frame   0x000012cc       0x20 f:/programs/chipwhisperer5_64/cw/home/portable/armgcc/bin/../lib/gcc/arm-none-eabi/10.2.1/../../../../arm-none-eabi/lib/thumb/v7e-m/nofp\libnosys.a(isatty.o)
 .debug_frame   0x000012ec       0x20 f:/programs/chipwhisperer5_64/cw/home/portable/armgcc/bin/../lib/gcc/arm-none-eabi/10.2.1/../../../../arm-none-eabi/lib/thumb/v7e-m/nofp\libnosys.a(kill.o)
 .debug_frame   0x0000130c       0x20 f:/programs/chipwhisperer5_64/cw/home/portable/armgcc/bin/../lib/gcc/arm-none-eabi/10.2.1/../../../../arm-none-eabi/lib/thumb/v7e-m/nofp\libnosys.a(lseek.o)
 .debug_frame   0x0000132c       0x20 f:/programs/chipwhisperer5_64/cw/home/portable/armgcc/bin/../lib/gcc/arm-none-eabi/10.2.1/../../../../arm-none-eabi/lib/thumb/v7e-m/nofp\libnosys.a(read.o)
 .debug_frame   0x0000134c       0x20 f:/programs/chipwhisperer5_64/cw/home/portable/armgcc/bin/../lib/gcc/arm-none-eabi/10.2.1/../../../../arm-none-eabi/lib/thumb/v7e-m/nofp\libnosys.a(write.o)
 .debug_frame   0x0000136c       0x20 f:/programs/chipwhisperer5_64/cw/home/portable/armgcc/bin/../lib/gcc/arm-none-eabi/10.2.1/../../../../arm-none-eabi/lib/thumb/v7e-m/nofp\libnosys.a(_exit.o)

.stab           0x00000000      0x204
 .stab          0x00000000      0x144 objdir-CWLITEARM/stm32f3_startup.o
 .stab          0x00000144       0x18 f:/programs/chipwhisperer5_64/cw/home/portable/armgcc/bin/../lib/gcc/arm-none-eabi/10.2.1/../../../../arm-none-eabi/lib/thumb/v7e-m/nofp\libnosys.a(close.o)
                                 0x24 (size before relaxing)
 .stab          0x0000015c       0x18 f:/programs/chipwhisperer5_64/cw/home/portable/armgcc/bin/../lib/gcc/arm-none-eabi/10.2.1/../../../../arm-none-eabi/lib/thumb/v7e-m/nofp\libnosys.a(fstat.o)
                                 0x24 (size before relaxing)
 .stab          0x00000174       0x18 f:/programs/chipwhisperer5_64/cw/home/portable/armgcc/bin/../lib/gcc/arm-none-eabi/10.2.1/../../../../arm-none-eabi/lib/thumb/v7e-m/nofp\libnosys.a(getpid.o)
                                 0x24 (size before relaxing)
 .stab          0x0000018c       0x18 f:/programs/chipwhisperer5_64/cw/home/portable/armgcc/bin/../lib/gcc/arm-none-eabi/10.2.1/../../../../arm-none-eabi/lib/thumb/v7e-m/nofp\libnosys.a(isatty.o)
                                 0x24 (size before relaxing)
 .stab          0x000001a4       0x18 f:/programs/chipwhisperer5_64/cw/home/portable/armgcc/bin/../lib/gcc/arm-none-eabi/10.2.1/../../../../arm-none-eabi/lib/thumb/v7e-m/nofp\libnosys.a(kill.o)
                                 0x24 (size before relaxing)
 .stab          0x000001bc       0x18 f:/programs/chipwhisperer5_64/cw/home/portable/armgcc/bin/../lib/gcc/arm-none-eabi/10.2.1/../../../../arm-none-eabi/lib/thumb/v7e-m/nofp\libnosys.a(lseek.o)
                                 0x24 (size before relaxing)
 .stab          0x000001d4       0x18 f:/programs/chipwhisperer5_64/cw/home/portable/armgcc/bin/../lib/gcc/arm-none-eabi/10.2.1/../../../../arm-none-eabi/lib/thumb/v7e-m/nofp\libnosys.a(read.o)
                                 0x24 (size before relaxing)
 .stab          0x000001ec       0x18 f:/programs/chipwhisperer5_64/cw/home/portable/armgcc/bin/../lib/gcc/arm-none-eabi/10.2.1/../../../../arm-none-eabi/lib/thumb/v7e-m/nofp\libnosys.a(write.o)
                                 0x24 (size before relaxing)

.stabstr        0x00000000      0x205
 .stabstr       0x00000000      0x205 objdir-CWLITEARM/stm32f3_startup.o

Cross Reference Table

Symbol                                            File
AES128_ECB_decrypt                                objdir-CWLITEARM/aes.o
AES128_ECB_encrypt                                objdir-CWLITEARM/aes.o
AES128_ECB_indp_crypto                            objdir-CWLITEARM/aes.o
                                                  objdir-CWLITEARM/aes-independant.o
AES128_ECB_indp_setkey                            objdir-CWLITEARM/aes.o
                                                  objdir-CWLITEARM/aes-independant.o
BusFault_Handler                                  objdir-CWLITEARM/stm32f3_startup.o
DebugMon_Handler                                  objdir-CWLITEARM/stm32f3_startup.o
Default_Handler                                   objdir-CWLITEARM/stm32f3_startup.o
HAL_GPIO_Init                                     objdir-CWLITEARM/stm32f3_hal_lowlevel.o
                                                  objdir-CWLITEARM/stm32f3_hal.o
HAL_GPIO_WritePin                                 objdir-CWLITEARM/stm32f3_hal_lowlevel.o
                                                  objdir-CWLITEARM/stm32f3_hal.o
HAL_GetTick                                       objdir-CWLITEARM/stm32f3_hal_lowlevel.o
HAL_IncTick                                       objdir-CWLITEARM/stm32f3_hal_lowlevel.o
HAL_InitTick                                      objdir-CWLITEARM/stm32f3_hal_lowlevel.o
HAL_NVIC_SetPriority                              objdir-CWLITEARM/stm32f3_hal_lowlevel.o
HAL_RCC_ClockConfig                               objdir-CWLITEARM/stm32f3_hal_lowlevel.o
                                                  objdir-CWLITEARM/stm32f3_hal.o
HAL_RCC_GetPCLK1Freq                              objdir-CWLITEARM/stm32f3_hal_lowlevel.o
HAL_RCC_GetPCLK2Freq                              objdir-CWLITEARM/stm32f3_hal_lowlevel.o
HAL_RCC_GetSysClockFreq                           objdir-CWLITEARM/stm32f3_hal_lowlevel.o
HAL_RCC_OscConfig                                 objdir-CWLITEARM/stm32f3_hal_lowlevel.o
                                                  objdir-CWLITEARM/stm32f3_hal.o
HAL_UART_Init                                     objdir-CWLITEARM/stm32f3_hal_lowlevel.o
                                                  objdir-CWLITEARM/stm32f3_hal.o
HAL_UART_Receive                                  objdir-CWLITEARM/stm32f3_hal_lowlevel.o
                                                  objdir-CWLITEARM/stm32f3_hal.o
HAL_UART_Transmit                                 objdir-CWLITEARM/stm32f3_hal_lowlevel.o
                                                  objdir-CWLITEARM/stm32f3_hal.o
HardFault_Handler                                 objdir-CWLITEARM/stm32f3_startup.o
MemManage_Handler                                 objdir-CWLITEARM/stm32f3_startup.o
NMI_Handler                                       objdir-CWLITEARM/stm32f3_startup.o
PendSV_Handler                                    objdir-CWLITEARM/stm32f3_startup.o
Rcon                                              objdir-CWLITEARM/aes.o
Reset_Handler                                     objdir-CWLITEARM/stm32f3_startup.o
SVC_Handler                                       objdir-CWLITEARM/stm32f3_startup.o
SysTick_Handler                                   objdir-CWLITEARM/stm32f3_startup.o
SystemCoreClock                                   objdir-CWLITEARM/stm32f3_hal_lowlevel.o
SystemInit                                        objdir-CWLITEARM/stm32f3_startup.o
UART_CheckIdleState                               objdir-CWLITEARM/stm32f3_hal_lowlevel.o
UART_SetConfig                                    objdir-CWLITEARM/stm32f3_hal_lowlevel.o
UART_WaitOnFlagUntilTimeout                       objdir-CWLITEARM/stm32f3_hal_lowlevel.o
UartHandle                                        objdir-CWLITEARM/stm32f3_hal.o
UsageFault_Handler                                objdir-CWLITEARM/stm32f3_startup.o
__assert                                          f:/programs/chipwhisperer5_64/cw/home/portable/armgcc/bin/../lib/gcc/arm-none-eabi/10.2.1/../../../../arm-none-eabi/lib/thumb/v7e-m/nofp\libg_nano.a(lib_a-assert.o)
__assert_func                                     f:/programs/chipwhisperer5_64/cw/home/portable/armgcc/bin/../lib/gcc/arm-none-eabi/10.2.1/../../../../arm-none-eabi/lib/thumb/v7e-m/nofp\libg_nano.a(lib_a-assert.o)
                                                  f:/programs/chipwhisperer5_64/cw/home/portable/armgcc/bin/../lib/gcc/arm-none-eabi/10.2.1/../../../../arm-none-eabi/lib/thumb/v7e-m/nofp\libg_nano.a(lib_a-random.o)
__bss_end__                                       f:/programs/chipwhisperer5_64/cw/home/portable/armgcc/bin/../lib/gcc/arm-none-eabi/10.2.1/../../../../arm-none-eabi/lib/thumb/v7e-m/nofp/crt0.o
__bss_start__                                     f:/programs/chipwhisperer5_64/cw/home/portable/armgcc/bin/../lib/gcc/arm-none-eabi/10.2.1/../../../../arm-none-eabi/lib/thumb/v7e-m/nofp/crt0.o
__call_exitprocs                                  f:/programs/chipwhisperer5_64/cw/home/portable/armgcc/bin/../lib/gcc/arm-none-eabi/10.2.1/../../../../arm-none-eabi/lib/thumb/v7e-m/nofp\libg_nano.a(lib_a-exit.o)
__deregister_frame_info                           f:/programs/chipwhisperer5_64/cw/home/portable/armgcc/bin/../lib/gcc/arm-none-eabi/10.2.1/thumb/v7e-m/nofp/crtbegin.o
__dso_handle                                      f:/programs/chipwhisperer5_64/cw/home/portable/armgcc/bin/../lib/gcc/arm-none-eabi/10.2.1/thumb/v7e-m/nofp/crtbegin.o
__errno                                           f:/programs/chipwhisperer5_64/cw/home/portable/armgcc/bin/../lib/gcc/arm-none-eabi/10.2.1/../../../../arm-none-eabi/lib/thumb/v7e-m/nofp\libg_nano.a(lib_a-errno.o)
                                                  objdir-CWLITEARM/stm32f3_sysmem.o
__fp_lock_all                                     f:/programs/chipwhisperer5_64/cw/home/portable/armgcc/bin/../lib/gcc/arm-none-eabi/10.2.1/../../../../arm-none-eabi/lib/thumb/v7e-m/nofp\libg_nano.a(lib_a-findfp.o)
__fp_unlock_all                                   f:/programs/chipwhisperer5_64/cw/home/portable/armgcc/bin/../lib/gcc/arm-none-eabi/10.2.1/../../../../arm-none-eabi/lib/thumb/v7e-m/nofp\libg_nano.a(lib_a-findfp.o)
__init_array_end                                  f:/programs/chipwhisperer5_64/cw/home/portable/armgcc/bin/../lib/gcc/arm-none-eabi/10.2.1/../../../../arm-none-eabi/lib/thumb/v7e-m/nofp\libg_nano.a(lib_a-init.o)
__init_array_start                                f:/programs/chipwhisperer5_64/cw/home/portable/armgcc/bin/../lib/gcc/arm-none-eabi/10.2.1/../../../../arm-none-eabi/lib/thumb/v7e-m/nofp\libg_nano.a(lib_a-init.o)
__libc_fini_array                                 f:/programs/chipwhisperer5_64/cw/home/portable/armgcc/bin/../lib/gcc/arm-none-eabi/10.2.1/../../../../arm-none-eabi/lib/thumb/v7e-m/nofp/crt0.o
__libc_init_array                                 f:/programs/chipwhisperer5_64/cw/home/portable/armgcc/bin/../lib/gcc/arm-none-eabi/10.2.1/../../../../arm-none-eabi/lib/thumb/v7e-m/nofp\libg_nano.a(lib_a-init.o)
                                                  objdir-CWLITEARM/stm32f3_startup.o
                                                  f:/programs/chipwhisperer5_64/cw/home/portable/armgcc/bin/../lib/gcc/arm-none-eabi/10.2.1/../../../../arm-none-eabi/lib/thumb/v7e-m/nofp/crt0.o
__lock___arc4random_mutex                         f:/programs/chipwhisperer5_64/cw/home/portable/armgcc/bin/../lib/gcc/arm-none-eabi/10.2.1/../../../../arm-none-eabi/lib/thumb/v7e-m/nofp\libg_nano.a(lib_a-lock.o)
__lock___at_quick_exit_mutex                      f:/programs/chipwhisperer5_64/cw/home/portable/armgcc/bin/../lib/gcc/arm-none-eabi/10.2.1/../../../../arm-none-eabi/lib/thumb/v7e-m/nofp\libg_nano.a(lib_a-lock.o)
__lock___atexit_recursive_mutex                   f:/programs/chipwhisperer5_64/cw/home/portable/armgcc/bin/../lib/gcc/arm-none-eabi/10.2.1/../../../../arm-none-eabi/lib/thumb/v7e-m/nofp\libg_nano.a(lib_a-lock.o)
__lock___dd_hash_mutex                            f:/programs/chipwhisperer5_64/cw/home/portable/armgcc/bin/../lib/gcc/arm-none-eabi/10.2.1/../../../../arm-none-eabi/lib/thumb/v7e-m/nofp\libg_nano.a(lib_a-lock.o)
__lock___env_recursive_mutex                      f:/programs/chipwhisperer5_64/cw/home/portable/armgcc/bin/../lib/gcc/arm-none-eabi/10.2.1/../../../../arm-none-eabi/lib/thumb/v7e-m/nofp\libg_nano.a(lib_a-lock.o)
__lock___malloc_recursive_mutex                   f:/programs/chipwhisperer5_64/cw/home/portable/armgcc/bin/../lib/gcc/arm-none-eabi/10.2.1/../../../../arm-none-eabi/lib/thumb/v7e-m/nofp\libg_nano.a(lib_a-lock.o)
                                                  f:/programs/chipwhisperer5_64/cw/home/portable/armgcc/bin/../lib/gcc/arm-none-eabi/10.2.1/../../../../arm-none-eabi/lib/thumb/v7e-m/nofp\libg_nano.a(lib_a-mlock.o)
__lock___sfp_recursive_mutex                      f:/programs/chipwhisperer5_64/cw/home/portable/armgcc/bin/../lib/gcc/arm-none-eabi/10.2.1/../../../../arm-none-eabi/lib/thumb/v7e-m/nofp\libg_nano.a(lib_a-lock.o)
                                                  f:/programs/chipwhisperer5_64/cw/home/portable/armgcc/bin/../lib/gcc/arm-none-eabi/10.2.1/../../../../arm-none-eabi/lib/thumb/v7e-m/nofp\libg_nano.a(lib_a-findfp.o)
__lock___sinit_recursive_mutex                    f:/programs/chipwhisperer5_64/cw/home/portable/armgcc/bin/../lib/gcc/arm-none-eabi/10.2.1/../../../../arm-none-eabi/lib/thumb/v7e-m/nofp\libg_nano.a(lib_a-lock.o)
                                                  f:/programs/chipwhisperer5_64/cw/home/portable/armgcc/bin/../lib/gcc/arm-none-eabi/10.2.1/../../../../arm-none-eabi/lib/thumb/v7e-m/nofp\libg_nano.a(lib_a-findfp.o)
__lock___tz_mutex                                 f:/programs/chipwhisperer5_64/cw/home/portable/armgcc/bin/../lib/gcc/arm-none-eabi/10.2.1/../../../../arm-none-eabi/lib/thumb/v7e-m/nofp\libg_nano.a(lib_a-lock.o)
__malloc_free_list                                f:/programs/chipwhisperer5_64/cw/home/portable/armgcc/bin/../lib/gcc/arm-none-eabi/10.2.1/../../../../arm-none-eabi/lib/thumb/v7e-m/nofp\libg_nano.a(lib_a-nano-mallocr.o)
                                                  f:/programs/chipwhisperer5_64/cw/home/portable/armgcc/bin/../lib/gcc/arm-none-eabi/10.2.1/../../../../arm-none-eabi/lib/thumb/v7e-m/nofp\libg_nano.a(lib_a-nano-freer.o)
__malloc_lock                                     f:/programs/chipwhisperer5_64/cw/home/portable/armgcc/bin/../lib/gcc/arm-none-eabi/10.2.1/../../../../arm-none-eabi/lib/thumb/v7e-m/nofp\libg_nano.a(lib_a-mlock.o)
                                                  f:/programs/chipwhisperer5_64/cw/home/portable/armgcc/bin/../lib/gcc/arm-none-eabi/10.2.1/../../../../arm-none-eabi/lib/thumb/v7e-m/nofp\libg_nano.a(lib_a-nano-mallocr.o)
                                                  f:/programs/chipwhisperer5_64/cw/home/portable/armgcc/bin/../lib/gcc/arm-none-eabi/10.2.1/../../../../arm-none-eabi/lib/thumb/v7e-m/nofp\libg_nano.a(lib_a-nano-freer.o)
__malloc_sbrk_start                               f:/programs/chipwhisperer5_64/cw/home/portable/armgcc/bin/../lib/gcc/arm-none-eabi/10.2.1/../../../../arm-none-eabi/lib/thumb/v7e-m/nofp\libg_nano.a(lib_a-nano-mallocr.o)
__malloc_unlock                                   f:/programs/chipwhisperer5_64/cw/home/portable/armgcc/bin/../lib/gcc/arm-none-eabi/10.2.1/../../../../arm-none-eabi/lib/thumb/v7e-m/nofp\libg_nano.a(lib_a-mlock.o)
                                                  f:/programs/chipwhisperer5_64/cw/home/portable/armgcc/bin/../lib/gcc/arm-none-eabi/10.2.1/../../../../arm-none-eabi/lib/thumb/v7e-m/nofp\libg_nano.a(lib_a-nano-mallocr.o)
                                                  f:/programs/chipwhisperer5_64/cw/home/portable/armgcc/bin/../lib/gcc/arm-none-eabi/10.2.1/../../../../arm-none-eabi/lib/thumb/v7e-m/nofp\libg_nano.a(lib_a-nano-freer.o)
__preinit_array_end                               f:/programs/chipwhisperer5_64/cw/home/portable/armgcc/bin/../lib/gcc/arm-none-eabi/10.2.1/../../../../arm-none-eabi/lib/thumb/v7e-m/nofp\libg_nano.a(lib_a-init.o)
__preinit_array_start                             f:/programs/chipwhisperer5_64/cw/home/portable/armgcc/bin/../lib/gcc/arm-none-eabi/10.2.1/../../../../arm-none-eabi/lib/thumb/v7e-m/nofp\libg_nano.a(lib_a-init.o)
__register_frame_info                             f:/programs/chipwhisperer5_64/cw/home/portable/armgcc/bin/../lib/gcc/arm-none-eabi/10.2.1/thumb/v7e-m/nofp/crtbegin.o
__retarget_lock_acquire                           f:/programs/chipwhisperer5_64/cw/home/portable/armgcc/bin/../lib/gcc/arm-none-eabi/10.2.1/../../../../arm-none-eabi/lib/thumb/v7e-m/nofp\libg_nano.a(lib_a-lock.o)
__retarget_lock_acquire_recursive                 f:/programs/chipwhisperer5_64/cw/home/portable/armgcc/bin/../lib/gcc/arm-none-eabi/10.2.1/../../../../arm-none-eabi/lib/thumb/v7e-m/nofp\libg_nano.a(lib_a-lock.o)
                                                  f:/programs/chipwhisperer5_64/cw/home/portable/armgcc/bin/../lib/gcc/arm-none-eabi/10.2.1/../../../../arm-none-eabi/lib/thumb/v7e-m/nofp\libg_nano.a(lib_a-mlock.o)
                                                  f:/programs/chipwhisperer5_64/cw/home/portable/armgcc/bin/../lib/gcc/arm-none-eabi/10.2.1/../../../../arm-none-eabi/lib/thumb/v7e-m/nofp\libg_nano.a(lib_a-findfp.o)
                                                  f:/programs/chipwhisperer5_64/cw/home/portable/armgcc/bin/../lib/gcc/arm-none-eabi/10.2.1/../../../../arm-none-eabi/lib/thumb/v7e-m/nofp\libg_nano.a(lib_a-fflush.o)
                                                  f:/programs/chipwhisperer5_64/cw/home/portable/armgcc/bin/../lib/gcc/arm-none-eabi/10.2.1/../../../../arm-none-eabi/lib/thumb/v7e-m/nofp\libg_nano.a(lib_a-nano-vfprintf.o)
__retarget_lock_close                             f:/programs/chipwhisperer5_64/cw/home/portable/armgcc/bin/../lib/gcc/arm-none-eabi/10.2.1/../../../../arm-none-eabi/lib/thumb/v7e-m/nofp\libg_nano.a(lib_a-lock.o)
__retarget_lock_close_recursive                   f:/programs/chipwhisperer5_64/cw/home/portable/armgcc/bin/../lib/gcc/arm-none-eabi/10.2.1/../../../../arm-none-eabi/lib/thumb/v7e-m/nofp\libg_nano.a(lib_a-lock.o)
__retarget_lock_init                              f:/programs/chipwhisperer5_64/cw/home/portable/armgcc/bin/../lib/gcc/arm-none-eabi/10.2.1/../../../../arm-none-eabi/lib/thumb/v7e-m/nofp\libg_nano.a(lib_a-lock.o)
__retarget_lock_init_recursive                    f:/programs/chipwhisperer5_64/cw/home/portable/armgcc/bin/../lib/gcc/arm-none-eabi/10.2.1/../../../../arm-none-eabi/lib/thumb/v7e-m/nofp\libg_nano.a(lib_a-lock.o)
                                                  f:/programs/chipwhisperer5_64/cw/home/portable/armgcc/bin/../lib/gcc/arm-none-eabi/10.2.1/../../../../arm-none-eabi/lib/thumb/v7e-m/nofp\libg_nano.a(lib_a-findfp.o)
__retarget_lock_release                           f:/programs/chipwhisperer5_64/cw/home/portable/armgcc/bin/../lib/gcc/arm-none-eabi/10.2.1/../../../../arm-none-eabi/lib/thumb/v7e-m/nofp\libg_nano.a(lib_a-lock.o)
__retarget_lock_release_recursive                 f:/programs/chipwhisperer5_64/cw/home/portable/armgcc/bin/../lib/gcc/arm-none-eabi/10.2.1/../../../../arm-none-eabi/lib/thumb/v7e-m/nofp\libg_nano.a(lib_a-lock.o)
                                                  f:/programs/chipwhisperer5_64/cw/home/portable/armgcc/bin/../lib/gcc/arm-none-eabi/10.2.1/../../../../arm-none-eabi/lib/thumb/v7e-m/nofp\libg_nano.a(lib_a-mlock.o)
                                                  f:/programs/chipwhisperer5_64/cw/home/portable/armgcc/bin/../lib/gcc/arm-none-eabi/10.2.1/../../../../arm-none-eabi/lib/thumb/v7e-m/nofp\libg_nano.a(lib_a-findfp.o)
                                                  f:/programs/chipwhisperer5_64/cw/home/portable/armgcc/bin/../lib/gcc/arm-none-eabi/10.2.1/../../../../arm-none-eabi/lib/thumb/v7e-m/nofp\libg_nano.a(lib_a-fflush.o)
                                                  f:/programs/chipwhisperer5_64/cw/home/portable/armgcc/bin/../lib/gcc/arm-none-eabi/10.2.1/../../../../arm-none-eabi/lib/thumb/v7e-m/nofp\libg_nano.a(lib_a-nano-vfprintf.o)
__retarget_lock_try_acquire                       f:/programs/chipwhisperer5_64/cw/home/portable/armgcc/bin/../lib/gcc/arm-none-eabi/10.2.1/../../../../arm-none-eabi/lib/thumb/v7e-m/nofp\libg_nano.a(lib_a-lock.o)
__retarget_lock_try_acquire_recursive             f:/programs/chipwhisperer5_64/cw/home/portable/armgcc/bin/../lib/gcc/arm-none-eabi/10.2.1/../../../../arm-none-eabi/lib/thumb/v7e-m/nofp\libg_nano.a(lib_a-lock.o)
__sclose                                          f:/programs/chipwhisperer5_64/cw/home/portable/armgcc/bin/../lib/gcc/arm-none-eabi/10.2.1/../../../../arm-none-eabi/lib/thumb/v7e-m/nofp\libg_nano.a(lib_a-stdio.o)
                                                  f:/programs/chipwhisperer5_64/cw/home/portable/armgcc/bin/../lib/gcc/arm-none-eabi/10.2.1/../../../../arm-none-eabi/lib/thumb/v7e-m/nofp\libg_nano.a(lib_a-findfp.o)
__seofread                                        f:/programs/chipwhisperer5_64/cw/home/portable/armgcc/bin/../lib/gcc/arm-none-eabi/10.2.1/../../../../arm-none-eabi/lib/thumb/v7e-m/nofp\libg_nano.a(lib_a-stdio.o)
__sf_fake_stderr                                  f:/programs/chipwhisperer5_64/cw/home/portable/armgcc/bin/../lib/gcc/arm-none-eabi/10.2.1/../../../../arm-none-eabi/lib/thumb/v7e-m/nofp\libg_nano.a(lib_a-findfp.o)
                                                  f:/programs/chipwhisperer5_64/cw/home/portable/armgcc/bin/../lib/gcc/arm-none-eabi/10.2.1/../../../../arm-none-eabi/lib/thumb/v7e-m/nofp\libg_nano.a(lib_a-fflush.o)
                                                  f:/programs/chipwhisperer5_64/cw/home/portable/armgcc/bin/../lib/gcc/arm-none-eabi/10.2.1/../../../../arm-none-eabi/lib/thumb/v7e-m/nofp\libg_nano.a(lib_a-wsetup.o)
                                                  f:/programs/chipwhisperer5_64/cw/home/portable/armgcc/bin/../lib/gcc/arm-none-eabi/10.2.1/../../../../arm-none-eabi/lib/thumb/v7e-m/nofp\libg_nano.a(lib_a-wbuf.o)
                                                  f:/programs/chipwhisperer5_64/cw/home/portable/armgcc/bin/../lib/gcc/arm-none-eabi/10.2.1/../../../../arm-none-eabi/lib/thumb/v7e-m/nofp\libg_nano.a(lib_a-nano-vfprintf.o)
                                                  f:/programs/chipwhisperer5_64/cw/home/portable/armgcc/bin/../lib/gcc/arm-none-eabi/10.2.1/../../../../arm-none-eabi/lib/thumb/v7e-m/nofp\libg_nano.a(lib_a-impure.o)
__sf_fake_stdin                                   f:/programs/chipwhisperer5_64/cw/home/portable/armgcc/bin/../lib/gcc/arm-none-eabi/10.2.1/../../../../arm-none-eabi/lib/thumb/v7e-m/nofp\libg_nano.a(lib_a-findfp.o)
                                                  f:/programs/chipwhisperer5_64/cw/home/portable/armgcc/bin/../lib/gcc/arm-none-eabi/10.2.1/../../../../arm-none-eabi/lib/thumb/v7e-m/nofp\libg_nano.a(lib_a-fflush.o)
                                                  f:/programs/chipwhisperer5_64/cw/home/portable/armgcc/bin/../lib/gcc/arm-none-eabi/10.2.1/../../../../arm-none-eabi/lib/thumb/v7e-m/nofp\libg_nano.a(lib_a-wsetup.o)
                                                  f:/programs/chipwhisperer5_64/cw/home/portable/armgcc/bin/../lib/gcc/arm-none-eabi/10.2.1/../../../../arm-none-eabi/lib/thumb/v7e-m/nofp\libg_nano.a(lib_a-wbuf.o)
                                                  f:/programs/chipwhisperer5_64/cw/home/portable/armgcc/bin/../lib/gcc/arm-none-eabi/10.2.1/../../../../arm-none-eabi/lib/thumb/v7e-m/nofp\libg_nano.a(lib_a-nano-vfprintf.o)
                                                  f:/programs/chipwhisperer5_64/cw/home/portable/armgcc/bin/../lib/gcc/arm-none-eabi/10.2.1/../../../../arm-none-eabi/lib/thumb/v7e-m/nofp\libg_nano.a(lib_a-impure.o)
__sf_fake_stdout                                  f:/programs/chipwhisperer5_64/cw/home/portable/armgcc/bin/../lib/gcc/arm-none-eabi/10.2.1/../../../../arm-none-eabi/lib/thumb/v7e-m/nofp\libg_nano.a(lib_a-findfp.o)
                                                  f:/programs/chipwhisperer5_64/cw/home/portable/armgcc/bin/../lib/gcc/arm-none-eabi/10.2.1/../../../../arm-none-eabi/lib/thumb/v7e-m/nofp\libg_nano.a(lib_a-fflush.o)
                                                  f:/programs/chipwhisperer5_64/cw/home/portable/armgcc/bin/../lib/gcc/arm-none-eabi/10.2.1/../../../../arm-none-eabi/lib/thumb/v7e-m/nofp\libg_nano.a(lib_a-wsetup.o)
                                                  f:/programs/chipwhisperer5_64/cw/home/portable/armgcc/bin/../lib/gcc/arm-none-eabi/10.2.1/../../../../arm-none-eabi/lib/thumb/v7e-m/nofp\libg_nano.a(lib_a-wbuf.o)
                                                  f:/programs/chipwhisperer5_64/cw/home/portable/armgcc/bin/../lib/gcc/arm-none-eabi/10.2.1/../../../../arm-none-eabi/lib/thumb/v7e-m/nofp\libg_nano.a(lib_a-nano-vfprintf.o)
                                                  f:/programs/chipwhisperer5_64/cw/home/portable/armgcc/bin/../lib/gcc/arm-none-eabi/10.2.1/../../../../arm-none-eabi/lib/thumb/v7e-m/nofp\libg_nano.a(lib_a-impure.o)
__sflush_r                                        f:/programs/chipwhisperer5_64/cw/home/portable/armgcc/bin/../lib/gcc/arm-none-eabi/10.2.1/../../../../arm-none-eabi/lib/thumb/v7e-m/nofp\libg_nano.a(lib_a-fflush.o)
__sfmoreglue                                      f:/programs/chipwhisperer5_64/cw/home/portable/armgcc/bin/../lib/gcc/arm-none-eabi/10.2.1/../../../../arm-none-eabi/lib/thumb/v7e-m/nofp\libg_nano.a(lib_a-findfp.o)
__sfp                                             f:/programs/chipwhisperer5_64/cw/home/portable/armgcc/bin/../lib/gcc/arm-none-eabi/10.2.1/../../../../arm-none-eabi/lib/thumb/v7e-m/nofp\libg_nano.a(lib_a-findfp.o)
__sfp_lock_acquire                                f:/programs/chipwhisperer5_64/cw/home/portable/armgcc/bin/../lib/gcc/arm-none-eabi/10.2.1/../../../../arm-none-eabi/lib/thumb/v7e-m/nofp\libg_nano.a(lib_a-findfp.o)
__sfp_lock_release                                f:/programs/chipwhisperer5_64/cw/home/portable/armgcc/bin/../lib/gcc/arm-none-eabi/10.2.1/../../../../arm-none-eabi/lib/thumb/v7e-m/nofp\libg_nano.a(lib_a-findfp.o)
__sfputs_r                                        f:/programs/chipwhisperer5_64/cw/home/portable/armgcc/bin/../lib/gcc/arm-none-eabi/10.2.1/../../../../arm-none-eabi/lib/thumb/v7e-m/nofp\libg_nano.a(lib_a-nano-vfprintf.o)
__sfvwrite_r                                      f:/programs/chipwhisperer5_64/cw/home/portable/armgcc/bin/../lib/gcc/arm-none-eabi/10.2.1/../../../../arm-none-eabi/lib/thumb/v7e-m/nofp\libg_nano.a(lib_a-fvwrite.o)
                                                  f:/programs/chipwhisperer5_64/cw/home/portable/armgcc/bin/../lib/gcc/arm-none-eabi/10.2.1/../../../../arm-none-eabi/lib/thumb/v7e-m/nofp\libg_nano.a(lib_a-nano-vfprintf.o)
__sigtramp                                        f:/programs/chipwhisperer5_64/cw/home/portable/armgcc/bin/../lib/gcc/arm-none-eabi/10.2.1/../../../../arm-none-eabi/lib/thumb/v7e-m/nofp\libg_nano.a(lib_a-signal.o)
__sigtramp_r                                      f:/programs/chipwhisperer5_64/cw/home/portable/armgcc/bin/../lib/gcc/arm-none-eabi/10.2.1/../../../../arm-none-eabi/lib/thumb/v7e-m/nofp\libg_nano.a(lib_a-signal.o)
__sinit                                           f:/programs/chipwhisperer5_64/cw/home/portable/armgcc/bin/../lib/gcc/arm-none-eabi/10.2.1/../../../../arm-none-eabi/lib/thumb/v7e-m/nofp\libg_nano.a(lib_a-findfp.o)
                                                  f:/programs/chipwhisperer5_64/cw/home/portable/armgcc/bin/../lib/gcc/arm-none-eabi/10.2.1/../../../../arm-none-eabi/lib/thumb/v7e-m/nofp\libg_nano.a(lib_a-fflush.o)
                                                  f:/programs/chipwhisperer5_64/cw/home/portable/armgcc/bin/../lib/gcc/arm-none-eabi/10.2.1/../../../../arm-none-eabi/lib/thumb/v7e-m/nofp\libg_nano.a(lib_a-wsetup.o)
                                                  f:/programs/chipwhisperer5_64/cw/home/portable/armgcc/bin/../lib/gcc/arm-none-eabi/10.2.1/../../../../arm-none-eabi/lib/thumb/v7e-m/nofp\libg_nano.a(lib_a-wbuf.o)
                                                  f:/programs/chipwhisperer5_64/cw/home/portable/armgcc/bin/../lib/gcc/arm-none-eabi/10.2.1/../../../../arm-none-eabi/lib/thumb/v7e-m/nofp\libg_nano.a(lib_a-nano-vfprintf.o)
__sinit_lock_acquire                              f:/programs/chipwhisperer5_64/cw/home/portable/armgcc/bin/../lib/gcc/arm-none-eabi/10.2.1/../../../../arm-none-eabi/lib/thumb/v7e-m/nofp\libg_nano.a(lib_a-findfp.o)
__sinit_lock_release                              f:/programs/chipwhisperer5_64/cw/home/portable/armgcc/bin/../lib/gcc/arm-none-eabi/10.2.1/../../../../arm-none-eabi/lib/thumb/v7e-m/nofp\libg_nano.a(lib_a-findfp.o)